<html>
<body>
<pre>
<h1>µVision Build Log</h1>
<h2>Tool Versions:</h2>
IDE-Version: µVision V5.31.0.0
Copyright (C) 2020 ARM Ltd and ARM Germany GmbH. All rights reserved.
License Information: Anton Asus, Yandex, LIC=JL28G-VXNLS-74DS0-BPNS1-6SJ4P-3DYZU
 
Tool Versions:
Toolchain:       MDK-ARM Plus  Version: 5.31.0.0
Toolchain Path:  C:\Keil_v5\ARM\ARMCC\Bin
C Compiler:      Armcc.exe V5.06 update 6 (build 750)
Assembler:       Armasm.exe V5.06 update 6 (build 750)
Linker/Locator:  ArmLink.exe V5.06 update 6 (build 750)
Library Manager: ArmAr.exe V5.06 update 6 (build 750)
Hex Converter:   FromElf.exe V5.06 update 6 (build 750)
CPU DLL:         SARMCM3.DLL V5.31.0.0
Dialog DLL:      DCM.DLL V1.17.3.0
Target DLL:      STLink\ST-LINKIII-KEIL_SWO.dll V3.0.7.0
Dialog DLL:      TCM.DLL V1.46.0.0
 
<h2>Project:</h2>
C:\Users\Asus\Desktop\SIK(SIK)\SIK.uvprojx
Project File Date:  08/01/2021

<h2>Output:</h2>
*** Using Compiler 'V5.06 update 6 (build 750)', folder: 'C:\Keil_v5\ARM\ARMCC\Bin'
Rebuild target 'Target 1'
Note: source file '.\src\stm32f10x_iwdg.c' - object file renamed from '.\Objects\stm32f10x_iwdg.o' to '.\Objects\stm32f10x_iwdg_1.o'.
compiling path.c...
path.c(48): warning:  #1-D: last line of file ends without a newline
  }
path.c(30): warning:  #177-D: variable "dist1"  was declared but never referenced
  float dist1 = 0;
path.c: 2 warnings, 0 errors
compiling init.c...
compiling WGS84toSK42.c...
WGS84toSK42.c(20): warning:  #2532-D: support for trigraphs is disabled
      double *xyzSK42 = xyzPZ90_to_xyzSK42(xyzPZ90); //??????? ????????? PZ-90 - ??-42
WGS84toSK42.c: 1 warning, 0 errors
compiling main.c...
.\src\minmea.h(202): warning:  #231-D: declaration is not visible outside of function
  int minmea_gettime(struct timespec *ts, const struct minmea_date *date, const struct minmea_time *time_);
.\src\init.h(27): warning:  #1295-D: Deprecated declaration initCPUFreq - give arg types
  void initCPUFreq();
.\src\init.h(30): warning:  #1295-D: Deprecated declaration timerInit - give arg types
  void timerInit();
path.h(4): warning:  #1-D: last line of file ends without a newline
  	
main.c(75): warning:  #68-D: integer conversion resulted in a change of sign
  char time_secs = -1;										//
main.c: 5 warnings, 0 errors
assembling startup_stm32f10x_md.s...
compiling core_cm3.c...
compiling misc.c...
compiling stm32f10x_gpio.c...
compiling stm32f10x_rcc.c...
compiling stm32f10x_tim.c...
compiling stm32f10x_usart.c...
compiling system_stm32f10x.c...
compiling minmea.c...
src\minmea.h(202): warning:  #231-D: declaration is not visible outside of function
  int minmea_gettime(struct timespec *ts, const struct minmea_date *date, const struct minmea_time *time_);
src\minmea.c(329): warning:  #111-D: statement is unreachable
              } break;
src\minmea.c(585): warning:  #188-D: enumerated type mixed with another type
      frame->faa_mode = c_faa_mode;
src\minmea.c: 3 warnings, 0 errors
compiling stm32f10x_iwdg.c...
linking...
Program Size: Code=18196 RO-data=1308 RW-data=140 ZI-data=6004  
".\Objects\SIK.axf" - 0 Error(s), 11 Warning(s).

<h2>Software Packages used:</h2>

Package Vendor: Keil
                http://www.keil.com/pack/Keil.STM32F1xx_DFP.2.3.0.pack
                Keil.STM32F1xx_DFP.2.3.0
                STMicroelectronics STM32F1 Series Device Support, Drivers and Examples

<h2>Collection of Component include folders:</h2>
  C:\Users\Asus\AppData\Local\Arm\Packs\Keil\STM32F1xx_DFP\2.3.0\Device\Include

<h2>Collection of Component Files used:</h2>
Build Time Elapsed:  00:00:10
</pre>
</body>
</html>
