Component: ARM Compiler 5.06 update 6 (build 750) Tool: armlink [4d35ed]

==============================================================================

Section Cross References

    main.o(i.USART1_IRQHandler) refers to stm32f10x_usart.o(i.USART_GetITStatus) for USART_GetITStatus
    main.o(i.USART1_IRQHandler) refers to stm32f10x_usart.o(i.USART_ReceiveData) for USART_ReceiveData
    main.o(i.USART1_IRQHandler) refers to stm32f10x_usart.o(i.USART_ClearITPendingBit) for USART_ClearITPendingBit
    main.o(i.USART1_IRQHandler) refers to stm32f10x_usart.o(i.USART_SendData) for USART_SendData
    main.o(i.USART1_IRQHandler) refers to main.o(.data) for .data
    main.o(i.USART1_IRQHandler) refers to main.o(.bss) for .bss
    main.o(i.USART2_IRQHandler) refers to stm32f10x_usart.o(i.USART_GetITStatus) for USART_GetITStatus
    main.o(i.USART2_IRQHandler) refers to stm32f10x_usart.o(i.USART_ReceiveData) for USART_ReceiveData
    main.o(i.USART2_IRQHandler) refers to stm32f10x_usart.o(i.USART_ClearITPendingBit) for USART_ClearITPendingBit
    main.o(i.USART2_IRQHandler) refers to main.o(.bss) for .bss
    main.o(i.USART2_IRQHandler) refers to main.o(.data) for .data
    main.o(i.main) refers to init.o(i.initCPUFreq) for initCPUFreq
    main.o(i.main) refers to stm32f10x_rcc.o(i.RCC_APB2PeriphClockCmd) for RCC_APB2PeriphClockCmd
    main.o(i.main) refers to misc.o(i.NVIC_PriorityGroupConfig) for NVIC_PriorityGroupConfig
    main.o(i.main) refers to init.o(i.portUART1Init) for portUART1Init
    main.o(i.main) refers to init.o(i.portUART2Init) for portUART2Init
    main.o(i.main) refers to stm32f10x_gpio.o(i.GPIO_ResetBits) for GPIO_ResetBits
    main.o(i.main) refers to minmea.o(i.minmea_sentence_id) for minmea_sentence_id
    main.o(i.main) refers to minmea.o(i.minmea_parse_gga) for minmea_parse_gga
    main.o(i.main) refers to fflt_clz.o(x$fpl$fflt) for __aeabi_i2f
    main.o(i.main) refers to fdiv.o(x$fpl$fdiv) for __aeabi_fdiv
    main.o(i.main) refers to ffix.o(x$fpl$ffix) for __aeabi_f2iz
    main.o(i.main) refers to faddsub_clz.o(x$fpl$frsb) for __aeabi_frsub
    main.o(i.main) refers to faddsub_clz.o(x$fpl$fadd) for __aeabi_fadd
    main.o(i.main) refers to f2d.o(x$fpl$f2d) for __aeabi_f2d
    main.o(i.main) refers to dmul.o(x$fpl$dmul) for __aeabi_dmul
    main.o(i.main) refers to ddiv.o(x$fpl$ddiv) for __aeabi_ddiv
    main.o(i.main) refers to d2f.o(x$fpl$d2f) for __aeabi_d2f
    main.o(i.main) refers to path.o(i.path) for path
    main.o(i.main) refers to minmea.o(i.minmea_parse_vtg) for minmea_parse_vtg
    main.o(i.main) refers to fmul.o(x$fpl$fmul) for __aeabi_fmul
    main.o(i.main) refers to ffixu.o(x$fpl$ffixu) for __aeabi_f2uiz
    main.o(i.main) refers to main.o(i.write_float) for write_float
    main.o(i.main) refers to wgs84tosk42.o(i.WGS84toSK42) for WGS84toSK42
    main.o(i.main) refers to stm32f10x_usart.o(i.USART_SendData) for USART_SendData
    main.o(i.main) refers to main.o(.data) for .data
    main.o(i.main) refers to main.o(.bss) for .bss
    main.o(i.write_float) refers to stm32f10x_usart.o(i.USART_SendData) for USART_SendData
    init.o(i.initCPUFreq) refers to stm32f10x_rcc.o(i.RCC_DeInit) for RCC_DeInit
    init.o(i.initCPUFreq) refers to stm32f10x_rcc.o(i.RCC_HSEConfig) for RCC_HSEConfig
    init.o(i.initCPUFreq) refers to stm32f10x_rcc.o(i.RCC_WaitForHSEStartUp) for RCC_WaitForHSEStartUp
    init.o(i.initCPUFreq) refers to stm32f10x_rcc.o(i.RCC_HCLKConfig) for RCC_HCLKConfig
    init.o(i.initCPUFreq) refers to stm32f10x_rcc.o(i.RCC_PCLK2Config) for RCC_PCLK2Config
    init.o(i.initCPUFreq) refers to stm32f10x_rcc.o(i.RCC_PCLK1Config) for RCC_PCLK1Config
    init.o(i.initCPUFreq) refers to stm32f10x_rcc.o(i.RCC_PLLConfig) for RCC_PLLConfig
    init.o(i.initCPUFreq) refers to stm32f10x_rcc.o(i.RCC_PLLCmd) for RCC_PLLCmd
    init.o(i.initCPUFreq) refers to stm32f10x_rcc.o(i.RCC_GetFlagStatus) for RCC_GetFlagStatus
    init.o(i.initCPUFreq) refers to stm32f10x_rcc.o(i.RCC_SYSCLKConfig) for RCC_SYSCLKConfig
    init.o(i.initCPUFreq) refers to stm32f10x_rcc.o(i.RCC_GetSYSCLKSource) for RCC_GetSYSCLKSource
    init.o(i.portUART1Init) refers to stm32f10x_rcc.o(i.RCC_APB2PeriphClockCmd) for RCC_APB2PeriphClockCmd
    init.o(i.portUART1Init) refers to stm32f10x_gpio.o(i.GPIO_Init) for GPIO_Init
    init.o(i.portUART1Init) refers to misc.o(i.NVIC_Init) for NVIC_Init
    init.o(i.portUART1Init) refers to stm32f10x_usart.o(i.USART_Init) for USART_Init
    init.o(i.portUART1Init) refers to stm32f10x_usart.o(i.USART_ITConfig) for USART_ITConfig
    init.o(i.portUART1Init) refers to stm32f10x_usart.o(i.USART_Cmd) for USART_Cmd
    init.o(i.portUART1Init) refers to main.o(.data) for GPIO_InitStructure
    init.o(i.portUART1Init) refers to main.o(.bss) for USART_InitStructure
    init.o(i.portUART2Init) refers to stm32f10x_rcc.o(i.RCC_APB2PeriphClockCmd) for RCC_APB2PeriphClockCmd
    init.o(i.portUART2Init) refers to stm32f10x_rcc.o(i.RCC_APB1PeriphClockCmd) for RCC_APB1PeriphClockCmd
[...]
    ../fplib/retnan.s                        0x00000000   Number         0  retnan.o ABSOLUTE
    ../fplib/scalbn.s                        0x00000000   Number         0  scalbn.o ABSOLUTE
    ../fplib/trapv.s                         0x00000000   Number         0  trapv.o ABSOLUTE
    ../fplib/usenofp.s                       0x00000000   Number         0  usenofp.o ABSOLUTE
    ../mathlib/atan.c                        0x00000000   Number         0  atan.o ABSOLUTE
    ../mathlib/atan.c                        0x00000000   Number         0  atan_x.o ABSOLUTE
    ../mathlib/atan2.c                       0x00000000   Number         0  atan2_x.o ABSOLUTE
    ../mathlib/atan2.c                       0x00000000   Number         0  atan2.o ABSOLUTE
    ../mathlib/cos.c                         0x00000000   Number         0  cos_x.o ABSOLUTE
    ../mathlib/cos.c                         0x00000000   Number         0  cos.o ABSOLUTE
    ../mathlib/cos_i.c                       0x00000000   Number         0  cos_i.o ABSOLUTE
    ../mathlib/dunder.c                      0x00000000   Number         0  dunder.o ABSOLUTE
    ../mathlib/fpclassify.c                  0x00000000   Number         0  fpclassify.o ABSOLUTE
    ../mathlib/poly.c                        0x00000000   Number         0  poly.o ABSOLUTE
    ../mathlib/pow.c                         0x00000000   Number         0  pow.o ABSOLUTE
    ../mathlib/pow.c                         0x00000000   Number         0  pow_x.o ABSOLUTE
    ../mathlib/qnan.c                        0x00000000   Number         0  qnan.o ABSOLUTE
    ../mathlib/rred.c                        0x00000000   Number         0  rred.o ABSOLUTE
    ../mathlib/sin.c                         0x00000000   Number         0  sin_x.o ABSOLUTE
    ../mathlib/sin.c                         0x00000000   Number         0  sin.o ABSOLUTE
    ../mathlib/sin_i.c                       0x00000000   Number         0  sin_i_x.o ABSOLUTE
    ../mathlib/sin_i.c                       0x00000000   Number         0  sin_i.o ABSOLUTE
    ../mathlib/sqrt.c                        0x00000000   Number         0  sqrt.o ABSOLUTE
    ../mathlib/sqrt.c                        0x00000000   Number         0  sqrt_x.o ABSOLUTE
    WGS84toSK42.c                            0x00000000   Number         0  wgs84tosk42.o ABSOLUTE
    dc.s                                     0x00000000   Number         0  dc.o ABSOLUTE
    main.c                                   0x00000000   Number         0  main.o ABSOLUTE
    path.c                                   0x00000000   Number         0  path.o ABSOLUTE
    src\\core_cm3.c                          0x00000000   Number         0  core_cm3.o ABSOLUTE
    src\core_cm3.c                           0x00000000   Number         0  core_cm3.o ABSOLUTE
    src\init.c                               0x00000000   Number         0  init.o ABSOLUTE
    src\minmea.c                             0x00000000   Number         0  minmea.o ABSOLUTE
    src\misc.c                               0x00000000   Number         0  misc.o ABSOLUTE
    src\startup_stm32f10x_md.s               0x00000000   Number         0  startup_stm32f10x_md.o ABSOLUTE
    src\stm32f10x_gpio.c                     0x00000000   Number         0  stm32f10x_gpio.o ABSOLUTE
    src\stm32f10x_iwdg.c                     0x00000000   Number         0  stm32f10x_iwdg_1.o ABSOLUTE
    src\stm32f10x_rcc.c                      0x00000000   Number         0  stm32f10x_rcc.o ABSOLUTE
    src\stm32f10x_tim.c                      0x00000000   Number         0  stm32f10x_tim.o ABSOLUTE
    src\stm32f10x_usart.c                    0x00000000   Number         0  stm32f10x_usart.o ABSOLUTE
    src\system_stm32f10x.c                   0x00000000   Number         0  system_stm32f10x.o ABSOLUTE
    RESET                                    0x08000000   Section      236  startup_stm32f10x_md.o(RESET)
    !!!main                                  0x080000ec   Section        8  __main.o(!!!main)
    !!!scatter                               0x080000f4   Section       52  __scatter.o(!!!scatter)
    !!handler_copy                           0x08000128   Section       26  __scatter_copy.o(!!handler_copy)
    !!handler_zi                             0x08000144   Section       28  __scatter_zi.o(!!handler_zi)
    .ARM.Collect$$libinit$$00000000          0x08000160   Section        2  libinit.o(.ARM.Collect$$libinit$$00000000)
    .ARM.Collect$$libinit$$00000002          0x08000162   Section        0  libinit2.o(.ARM.Collect$$libinit$$00000002)
    .ARM.Collect$$libinit$$00000004          0x08000162   Section        0  libinit2.o(.ARM.Collect$$libinit$$00000004)
    .ARM.Collect$$libinit$$00000005          0x08000162   Section        8  libinit2.o(.ARM.Collect$$libinit$$00000005)
    .ARM.Collect$$libinit$$0000000A          0x0800016a   Section        0  libinit2.o(.ARM.Collect$$libinit$$0000000A)
    .ARM.Collect$$libinit$$0000000C          0x0800016a   Section        0  libinit2.o(.ARM.Collect$$libinit$$0000000C)
    .ARM.Collect$$libinit$$0000000E          0x0800016a   Section        0  libinit2.o(.ARM.Collect$$libinit$$0000000E)
    .ARM.Collect$$libinit$$0000000F          0x0800016a   Section        6  libinit2.o(.ARM.Collect$$libinit$$0000000F)
    .ARM.Collect$$libinit$$00000011          0x08000170   Section        0  libinit2.o(.ARM.Collect$$libinit$$00000011)
    .ARM.Collect$$libinit$$00000012          0x08000170   Section       12  libinit2.o(.ARM.Collect$$libinit$$00000012)
    .ARM.Collect$$libinit$$00000013          0x0800017c   Section        0  libinit2.o(.ARM.Collect$$libinit$$00000013)
    .ARM.Collect$$libinit$$00000015          0x0800017c   Section        0  libinit2.o(.ARM.Collect$$libinit$$00000015)
    .ARM.Collect$$libinit$$00000017          0x0800017c   Section        0  libinit2.o(.ARM.Collect$$libinit$$00000017)
    .ARM.Collect$$libinit$$00000019          0x0800017c   Section        0  libinit2.o(.ARM.Collect$$libinit$$00000019)
    .ARM.Collect$$libinit$$0000001B          0x0800017c   Section        0  libinit2.o(.ARM.Collect$$libinit$$0000001B)
    .ARM.Collect$$libinit$$0000001D          0x0800017c   Section        0  libinit2.o(.ARM.Collect$$libinit$$0000001D)
    .ARM.Collect$$libinit$$0000001F          0x0800017c   Section        0  libinit2.o(.ARM.Collect$$libinit$$0000001F)
    .ARM.Collect$$libinit$$00000021          0x0800017c   Section        0  libinit2.o(.ARM.Collect$$libinit$$00000021)
    .ARM.Collect$$libinit$$00000023          0x0800017c   Section        0  libinit2.o(.ARM.Collect$$libinit$$00000023)
    .ARM.Collect$$libinit$$00000025          0x0800017c   Section        0  libinit2.o(.ARM.Collect$$libinit$$00000025)
    .ARM.Collect$$libinit$$0000002C          0x0800017c   Section        0  libinit2.o(.ARM.Collect$$libinit$$0000002C)
    .ARM.Collect$$libinit$$0000002E          0x0800017c   Section        0  libinit2.o(.ARM.Collect$$libinit$$0000002E)
    .ARM.Collect$$libinit$$00000030          0x0800017c   Section        0  libinit2.o(.ARM.Collect$$libinit$$00000030)
    .ARM.Collect$$libinit$$00000032          0x0800017c   Section        0  libinit2.o(.ARM.Collect$$libinit$$00000032)
    .ARM.Collect$$libinit$$00000033          0x0800017c   Section        2  libinit2.o(.ARM.Collect$$libinit$$00000033)
    .ARM.Collect$$libshutdown$$00000000      0x0800017e   Section        2  libshutdown.o(.ARM.Collect$$libshutdown$$00000000)
    .ARM.Collect$$libshutdown$$00000002      0x08000180   Section        0  libshutdown2.o(.ARM.Collect$$libshutdown$$00000002)
    .ARM.Collect$$libshutdown$$00000004      0x08000180   Section        0  libshutdown2.o(.ARM.Collect$$libshutdown$$00000004)
    .ARM.Collect$$libshutdown$$00000007      0x08000180   Section        0  libshutdown2.o(.ARM.Collect$$libshutdown$$00000007)
    .ARM.Collect$$libshutdown$$0000000A      0x08000180   Section        0  libshutdown2.o(.ARM.Collect$$libshutdown$$0000000A)
    .ARM.Collect$$libshutdown$$0000000C      0x08000180   Section        0  libshutdown2.o(.ARM.Collect$$libshutdown$$0000000C)
    .ARM.Collect$$libshutdown$$0000000F      0x08000180   Section        0  libshutdown2.o(.ARM.Collect$$libshutdown$$0000000F)
    .ARM.Collect$$libshutdown$$00000010      0x08000180   Section        2  libshutdown2.o(.ARM.Collect$$libshutdown$$00000010)
    .ARM.Collect$$rtentry$$00000000          0x08000182   Section        0  __rtentry.o(.ARM.Collect$$rtentry$$00000000)
    .ARM.Collect$$rtentry$$00000002          0x08000182   Section        0  __rtentry2.o(.ARM.Collect$$rtentry$$00000002)
    .ARM.Collect$$rtentry$$00000004          0x08000182   Section        6  __rtentry4.o(.ARM.Collect$$rtentry$$00000004)
    .ARM.Collect$$rtentry$$00000009          0x08000188   Section        0  __rtentry2.o(.ARM.Collect$$rtentry$$00000009)
    .ARM.Collect$$rtentry$$0000000A          0x08000188   Section        4  __rtentry2.o(.ARM.Collect$$rtentry$$0000000A)
    .ARM.Collect$$rtentry$$0000000C          0x0800018c   Section        0  __rtentry2.o(.ARM.Collect$$rtentry$$0000000C)
    .ARM.Collect$$rtentry$$0000000D          0x0800018c   Section        8  __rtentry2.o(.ARM.Collect$$rtentry$$0000000D)
    .ARM.Collect$$rtexit$$00000000           0x08000194   Section        2  rtexit.o(.ARM.Collect$$rtexit$$00000000)
    .ARM.Collect$$rtexit$$00000002           0x08000196   Section        0  rtexit2.o(.ARM.Collect$$rtexit$$00000002)
    .ARM.Collect$$rtexit$$00000003           0x08000196   Section        4  rtexit2.o(.ARM.Collect$$rtexit$$00000003)
    .ARM.Collect$$rtexit$$00000004           0x0800019a   Section        6  rtexit2.o(.ARM.Collect$$rtexit$$00000004)
    .emb_text                                0x080001a0   Section        0  maybetermalloc1.o(.emb_text)
    .text                                    0x080001a0   Section       64  startup_stm32f10x_md.o(.text)
    .text                                    0x080001e0   Section       16  rt_ctype_table.o(.text)
    .text                                    0x080001f0   Section        0  h1_alloc.o(.text)
    .text                                    0x0800024e   Section        0  h1_free.o(.text)
    .text                                    0x0800029c   Section        0  strtol.o(.text)
    .text                                    0x0800030c   Section        0  strlen.o(.text)
    .text                                    0x0800034a   Section      100  rt_memcpy_w.o(.text)
    .text                                    0x080003b0   Section      128  strcmpv7m.o(.text)
    .text                                    0x08000430   Section        0  heapauxi.o(.text)
    .text                                    0x08000438   Section        8  rt_heap_descriptor_intlibspace.o(.text)
    .text                                    0x08000440   Section        8  rt_locale_intlibspace.o(.text)
    .text                                    0x08000448   Section        8  rt_errno_addr_intlibspace.o(.text)
    .text                                    0x08000450   Section        0  hguard.o(.text)
    .text                                    0x08000454   Section        0  init_alloc.o(.text)
    .text                                    0x080004de   Section        0  h1_init.o(.text)
    .text                                    0x080004ec   Section        0  _rserrno.o(.text)
    .text                                    0x08000502   Section        0  _strtoul.o(.text)
    .text                                    0x080005a0   Section        8  libspace.o(.text)
    .text                                    0x080005a8   Section        0  h1_extend.o(.text)
    .text                                    0x080005dc   Section        0  _chval.o(.text)
    .text                                    0x080005f8   Section        0  defsig_rtmem_outer.o(.text)
    .text                                    0x08000606   Section        2  use_no_semi.o(.text)
    .text                                    0x08000608   Section       74  sys_stackheap_outer.o(.text)
    .text                                    0x08000608   Section        0  indicate_semi.o(.text)
    .text                                    0x08000652   Section        0  exit.o(.text)
    .text                                    0x08000664   Section        0  defsig_exit.o(.text)
    .text                                    0x08000670   Section        0  defsig_rtmem_inner.o(.text)
    .text                                    0x080006c0   Section        0  sys_exit.o(.text)
    .text                                    0x080006cc   Section        0  defsig_general.o(.text)
    .text                                    0x080006fe   Section        0  sys_wrch.o(.text)
    i.GPIO_Init                              0x0800070c   Section        0  stm32f10x_gpio.o(i.GPIO_Init)
    i.GPIO_ResetBits                         0x080007b2   Section        0  stm32f10x_gpio.o(i.GPIO_ResetBits)
    i.NVIC_EnableIRQ                         0x080007b6   Section        0  init.o(i.NVIC_EnableIRQ)
    NVIC_EnableIRQ                           0x080007b7   Thumb Code    22  init.o(i.NVIC_EnableIRQ)
    i.NVIC_Init                              0x080007cc   Section        0  misc.o(i.NVIC_Init)
    i.NVIC_PriorityGroupConfig               0x08000830   Section        0  misc.o(i.NVIC_PriorityGroupConfig)
    i.RCC_APB1PeriphClockCmd                 0x08000844   Section        0  stm32f10x_rcc.o(i.RCC_APB1PeriphClockCmd)
    i.RCC_APB2PeriphClockCmd                 0x08000860   Section        0  stm32f10x_rcc.o(i.RCC_APB2PeriphClockCmd)
    i.RCC_DeInit                             0x0800087c   Section        0  stm32f10x_rcc.o(i.RCC_DeInit)
    i.RCC_GetClocksFreq                      0x080008bc   Section        0  stm32f10x_rcc.o(i.RCC_GetClocksFreq)
    i.RCC_GetFlagStatus                      0x08000968   Section        0  stm32f10x_rcc.o(i.RCC_GetFlagStatus)
    i.RCC_GetSYSCLKSource                    0x08000998   Section        0  stm32f10x_rcc.o(i.RCC_GetSYSCLKSource)
    i.RCC_HCLKConfig                         0x080009a8   Section        0  stm32f10x_rcc.o(i.RCC_HCLKConfig)
    i.RCC_HSEConfig                          0x080009bc   Section        0  stm32f10x_rcc.o(i.RCC_HSEConfig)
    i.RCC_PCLK1Config                        0x080009f4   Section        0  stm32f10x_rcc.o(i.RCC_PCLK1Config)
    i.RCC_PCLK2Config                        0x08000a08   Section        0  stm32f10x_rcc.o(i.RCC_PCLK2Config)
    i.RCC_PLLCmd                             0x08000a1c   Section        0  stm32f10x_rcc.o(i.RCC_PLLCmd)
    i.RCC_PLLConfig                          0x08000a28   Section        0  stm32f10x_rcc.o(i.RCC_PLLConfig)
    i.RCC_SYSCLKConfig                       0x08000a3c   Section        0  stm32f10x_rcc.o(i.RCC_SYSCLKConfig)
    i.RCC_WaitForHSEStartUp                  0x08000a50   Section        0  stm32f10x_rcc.o(i.RCC_WaitForHSEStartUp)
    i.SetSysClock                            0x08000a80   Section        0  system_stm32f10x.o(i.SetSysClock)
    SetSysClock                              0x08000a81   Thumb Code     4  system_stm32f10x.o(i.SetSysClock)
    i.SetSysClockTo72                        0x08000a84   Section        0  system_stm32f10x.o(i.SetSysClockTo72)
    SetSysClockTo72                          0x08000a85   Thumb Code   166  system_stm32f10x.o(i.SetSysClockTo72)
    i.SystemInit                             0x08000b34   Section        0  system_stm32f10x.o(i.SystemInit)
    i.USART1_IRQHandler                      0x08000b84   Section        0  main.o(i.USART1_IRQHandler)
    i.USART2_IRQHandler                      0x08000c24   Section        0  main.o(i.USART2_IRQHandler)
    i.USART_ClearITPendingBit                0x08000c98   Section        0  stm32f10x_usart.o(i.USART_ClearITPendingBit)
    i.USART_Cmd                              0x08000ca8   Section        0  stm32f10x_usart.o(i.USART_Cmd)
    i.USART_GetITStatus                      0x08000cc0   Section        0  stm32f10x_usart.o(i.USART_GetITStatus)
    i.USART_ITConfig                         0x08000d00   Section        0  stm32f10x_usart.o(i.USART_ITConfig)
    i.USART_Init                             0x08000d38   Section        0  stm32f10x_usart.o(i.USART_Init)
    i.USART_ReceiveData                      0x08000df4   Section        0  stm32f10x_usart.o(i.USART_ReceiveData)
    i.USART_SendData                         0x08000dfc   Section        0  stm32f10x_usart.o(i.USART_SendData)
    i.WGS84toSK42                            0x08000e04   Section        0  wgs84tosk42.o(i.WGS84toSK42)
    i.__ARM_fpclassify                       0x08000f08   Section        0  fpclassify.o(i.__ARM_fpclassify)
    i.__ieee754_rem_pio2                     0x08000f30   Section        0  rred.o(i.__ieee754_rem_pio2)
    i.__kernel_cos                           0x080012b8   Section        0  cos_i.o(i.__kernel_cos)
    i.__kernel_poly                          0x080013b4   Section        0  poly.o(i.__kernel_poly)
    i.__kernel_sin                           0x08001460   Section        0  sin_i.o(i.__kernel_sin)
    i.__mathlib_dbl_divzero                  0x0800154c   Section        0  dunder.o(i.__mathlib_dbl_divzero)
    i.__mathlib_dbl_infnan                   0x0800155c   Section        0  dunder.o(i.__mathlib_dbl_infnan)
    i.__mathlib_dbl_infnan2                  0x08001562   Section        0  dunder.o(i.__mathlib_dbl_infnan2)
    i.__mathlib_dbl_invalid                  0x08001566   Section        0  dunder.o(i.__mathlib_dbl_invalid)
    i.__mathlib_dbl_overflow                 0x08001572   Section        0  dunder.o(i.__mathlib_dbl_overflow)
    i.__mathlib_dbl_underflow                0x08001580   Section        0  dunder.o(i.__mathlib_dbl_underflow)
    i.atan                                   0x08001590   Section        0  atan.o(i.atan)
    i.atan2                                  0x080017b0   Section        0  atan2.o(i.atan2)
    i.cos                                    0x08001930   Section        0  cos.o(i.cos)
    i.hex2int                                0x080019cc   Section        0  minmea.o(i.hex2int)
    hex2int                                  0x080019cd   Thumb Code    42  minmea.o(i.hex2int)
    i.initCPUFreq                            0x080019f6   Section        0  init.o(i.initCPUFreq)
    i.llh2ecef                               0x08001a50   Section        0  wgs84tosk42.o(i.llh2ecef)
    i.main                                   0x08001b54   Section        0  main.o(i.main)
    i.minmea_check                           0x08001ff0   Section        0  minmea.o(i.minmea_check)
    i.minmea_isfield                         0x08002094   Section        0  minmea.o(i.minmea_isfield)
    minmea_isfield                           0x08002095   Thumb Code    34  minmea.o(i.minmea_isfield)
    i.minmea_parse_gga                       0x080020b8   Section        0  minmea.o(i.minmea_parse_gga)
    i.minmea_parse_vtg                       0x0800213c   Section        0  minmea.o(i.minmea_parse_vtg)
    i.minmea_scan                            0x080021cc   Section        0  minmea.o(i.minmea_scan)
    i.minmea_sentence_id                     0x08002558   Section        0  minmea.o(i.minmea_sentence_id)
    i.path                                   0x08002608   Section        0  path.o(i.path)
    i.portUART1Init                          0x080027a0   Section        0  init.o(i.portUART1Init)
    i.portUART2Init                          0x08002838   Section        0  init.o(i.portUART2Init)
    i.pow                                    0x080028d4   Section        0  pow.o(i.pow)
    i.sin                                    0x080032ac   Section        0  sin.o(i.sin)
    i.sqrt                                   0x0800334c   Section        0  sqrt.o(i.sqrt)
    i.write_float                            0x08003398   Section        0  main.o(i.write_float)
    i.xyzPZ90_to_xyzSK42                     0x080033b8   Section        0  wgs84tosk42.o(i.xyzPZ90_to_xyzSK42)
    i.xyzWSG84_to_xyzPZ90                    0x08003478   Section        0  wgs84tosk42.o(i.xyzWSG84_to_xyzPZ90)
    locale$$code                             0x0800352c   Section       44  lc_ctype_c.o(locale$$code)
    x$fpl$d2f                                0x08003558   Section       98  d2f.o(x$fpl$d2f)
    x$fpl$dadd                               0x080035bc   Section      336  daddsub_clz.o(x$fpl$dadd)
    _dadd1                                   0x080035cd   Thumb Code     0  daddsub_clz.o(x$fpl$dadd)
    x$fpl$dcheck1                            0x0800370c   Section       16  dcheck1.o(x$fpl$dcheck1)
    x$fpl$dcmpinf                            0x0800371c   Section       24  dcmpi.o(x$fpl$dcmpinf)
    x$fpl$ddiv                               0x08003734   Section      688  ddiv.o(x$fpl$ddiv)
    ddiv_entry                               0x0800373b   Thumb Code     0  ddiv.o(x$fpl$ddiv)
    x$fpl$dfix                               0x080039e4   Section       94  dfix.o(x$fpl$dfix)
    x$fpl$dflt                               0x08003a42   Section       46  dflt_clz.o(x$fpl$dflt)
    x$fpl$dfltu                              0x08003a70   Section       38  dflt_clz.o(x$fpl$dfltu)
    x$fpl$dleqf                              0x08003a98   Section      120  dleqf.o(x$fpl$dleqf)
    x$fpl$dmul                               0x08003b10   Section      340  dmul.o(x$fpl$dmul)
    x$fpl$dnaninf                            0x08003c64   Section      156  dnaninf.o(x$fpl$dnaninf)
    x$fpl$dretinf                            0x08003d00   Section       12  dretinf.o(x$fpl$dretinf)
    x$fpl$drleqf                             0x08003d0c   Section      108  drleqf.o(x$fpl$drleqf)
    x$fpl$drsb                               0x08003d78   Section       22  daddsub_clz.o(x$fpl$drsb)
    x$fpl$dsqrt                              0x08003d90   Section      460  dsqrt_noumaal.o(x$fpl$dsqrt)
    x$fpl$dsub                               0x08003f5c   Section      468  daddsub_clz.o(x$fpl$dsub)
    _dsub1                                   0x08003f6d   Thumb Code     0  daddsub_clz.o(x$fpl$dsub)
    x$fpl$f2d                                0x08004130   Section       86  f2d.o(x$fpl$f2d)
    x$fpl$fadd                               0x08004188   Section      196  faddsub_clz.o(x$fpl$fadd)
    _fadd1                                   0x08004197   Thumb Code     0  faddsub_clz.o(x$fpl$fadd)
    x$fpl$fdiv                               0x0800424c   Section      388  fdiv.o(x$fpl$fdiv)
    _fdiv1                                   0x0800424d   Thumb Code     0  fdiv.o(x$fpl$fdiv)
    x$fpl$ffix                               0x080043d0   Section       54  ffix.o(x$fpl$ffix)
    x$fpl$ffixu                              0x08004408   Section       62  ffixu.o(x$fpl$ffixu)
    x$fpl$fflt                               0x08004448   Section       48  fflt_clz.o(x$fpl$fflt)
    x$fpl$fmul                               0x08004478   Section      258  fmul.o(x$fpl$fmul)
    x$fpl$fnaninf                            0x0800457a   Section      140  fnaninf.o(x$fpl$fnaninf)
    x$fpl$fretinf                            0x08004606   Section       10  fretinf.o(x$fpl$fretinf)
    x$fpl$frsb                               0x08004610   Section       20  faddsub_clz.o(x$fpl$frsb)
    x$fpl$fsub                               0x08004624   Section      234  faddsub_clz.o(x$fpl$fsub)
    _fsub1                                   0x08004633   Thumb Code     0  faddsub_clz.o(x$fpl$fsub)
    x$fpl$retnan                             0x0800470e   Section      100  retnan.o(x$fpl$retnan)
    x$fpl$scalbn                             0x08004772   Section       92  scalbn.o(x$fpl$scalbn)
    x$fpl$trapveneer                         0x080047ce   Section       48  trapv.o(x$fpl$trapveneer)
    x$fpl$usenofp                            0x080047fe   Section        0  usenofp.o(x$fpl$usenofp)
    .constdata                               0x08004800   Section      180  wgs84tosk42.o(.constdata)
    .constdata                               0x080048b8   Section      136  pow.o(.constdata)
    bp                                       0x080048b8   Data          16  pow.o(.constdata)
    dp_h                                     0x080048c8   Data          16  pow.o(.constdata)
    dp_l                                     0x080048d8   Data          16  pow.o(.constdata)
    L                                        0x080048e8   Data          48  pow.o(.constdata)
    P                                        0x08004918   Data          40  pow.o(.constdata)
    .constdata                               0x08004940   Section      152  atan.o(.constdata)
    atanhi                                   0x08004940   Data          32  atan.o(.constdata)
    atanlo                                   0x08004960   Data          32  atan.o(.constdata)
    aTodd                                    0x08004980   Data          40  atan.o(.constdata)
    aTeven                                   0x080049a8   Data          48  atan.o(.constdata)
    .constdata                               0x080049d8   Section       48  cos_i.o(.constdata)
    C                                        0x080049d8   Data          48  cos_i.o(.constdata)
    .constdata                               0x08004a08   Section        8  qnan.o(.constdata)
    .constdata                               0x08004a10   Section      200  rred.o(.constdata)
    pio2s                                    0x08004a10   Data          48  rred.o(.constdata)
    twooverpi                                0x08004a40   Data         152  rred.o(.constdata)
    .constdata                               0x08004ad8   Section       40  sin_i.o(.constdata)
    S                                        0x08004ad8   Data          40  sin_i.o(.constdata)
    locale$$data                             0x08004b20   Section      272  lc_ctype_c.o(locale$$data)
    __lcctype_c_name                         0x08004b24   Data           2  lc_ctype_c.o(locale$$data)
    __lcctype_c_start                        0x08004b2c   Data           0  lc_ctype_c.o(locale$$data)
    __lcctype_c_end                          0x08004c30   Data           0  lc_ctype_c.o(locale$$data)
    .data                                    0x20000000   Section      112  main.o(.data)
    .data                                    0x20000070   Section        4  main.o(.data)
    .data                                    0x20000074   Section        4  main.o(.data)
    .data                                    0x20000078   Section       20  stm32f10x_rcc.o(.data)
    ADCPrescTable                            0x20000078   Data           4  stm32f10x_rcc.o(.data)
    APBAHBPrescTable                         0x2000007c   Data          16  stm32f10x_rcc.o(.data)
    .bss                                     0x2000008c   Section       16  main.o(.bss)
    .bss                                     0x2000009c   Section     4352  main.o(.bss)
    .bss                                     0x2000119c   Section       96  libspace.o(.bss)
    HEAP                                     0x20001200   Section      512  startup_stm32f10x_md.o(HEAP)
    Heap_Mem                                 0x20001200   Data         512  startup_stm32f10x_md.o(HEAP)
    STACK                                    0x20001400   Section     1024  startup_stm32f10x_md.o(STACK)
    Stack_Mem                                0x20001400   Data        1024  startup_stm32f10x_md.o(STACK)
    __initial_sp                             0x20001800   Data           0  startup_stm32f10x_md.o(STACK)

    Global Symbols

    Symbol Name                              Value     Ov Type        Size  Object(Section)

    BuildAttributes$$THM_ISAv4$P$D$K$B$S$PE$A:L22UL41UL21$X:L11$S22US41US21$IEEE1$IW$USESV6$~STKCKD$USESV7$~SHL$OTIME$ROPI$IEEEX$EBA8$UX$STANDARDLIB$REQ8$PRES8$EABIv2 0x00000000   Number         0  anon$$obj.o ABSOLUTE
    __ARM_use_no_argv                        0x00000000   Number         0  main.o ABSOLUTE
    __ARM_exceptions_init                     - Undefined Weak Reference
    __alloca_initialize                       - Undefined Weak Reference
    __arm_preinit_                            - Undefined Weak Reference
    __cpp_initialize__aeabi_                  - Undefined Weak Reference
    __cxa_finalize                            - Undefined Weak Reference
    __sigvec_lookup                           - Undefined Weak Reference
    __user_heap_extent                        - Undefined Weak Reference
    _atexit_init                              - Undefined Weak Reference
    _call_atexit_fns                          - Undefined Weak Reference
    _clock_init                               - Undefined Weak Reference
    _fp_trap_init                             - Undefined Weak Reference
    _fp_trap_shutdown                         - Undefined Weak Reference
    _get_lc_collate                           - Undefined Weak Reference
    _get_lc_monetary                          - Undefined Weak Reference
    _get_lc_numeric                           - Undefined Weak Reference
    _get_lc_time                              - Undefined Weak Reference
    _getenv_init                              - Undefined Weak Reference
    _handle_redirection                       - Undefined Weak Reference
    _initio                                   - Undefined Weak Reference
    _mutex_acquire                            - Undefined Weak Reference
    _mutex_free                               - Undefined Weak Reference
    _mutex_release                            - Undefined Weak Reference
    _rand_init                                - Undefined Weak Reference
    _signal_finish                            - Undefined Weak Reference
    _signal_init                              - Undefined Weak Reference
    _terminateio                              - Undefined Weak Reference
    __Vectors_Size                           0x000000ec   Number         0  startup_stm32f10x_md.o ABSOLUTE
    __Vectors                                0x08000000   Data           4  startup_stm32f10x_md.o(RESET)
    __Vectors_End                            0x080000ec   Data           0  startup_stm32f10x_md.o(RESET)
    __main                                   0x080000ed   Thumb Code     8  __main.o(!!!main)
    __scatterload                            0x080000f5   Thumb Code     0  __scatter.o(!!!scatter)
    __scatterload_rt2                        0x080000f5   Thumb Code    44  __scatter.o(!!!scatter)
    __scatterload_rt2_thumb_only             0x080000f5   Thumb Code     0  __scatter.o(!!!scatter)
    __scatterload_null                       0x08000103   Thumb Code     0  __scatter.o(!!!scatter)
    __scatterload_copy                       0x08000129   Thumb Code    26  __scatter_copy.o(!!handler_copy)
    __scatterload_zeroinit                   0x08000145   Thumb Code    28  __scatter_zi.o(!!handler_zi)
    __rt_lib_init                            0x08000161   Thumb Code     0  libinit.o(.ARM.Collect$$libinit$$00000000)
    __rt_lib_init_fp_1                       0x08000163   Thumb Code     0  libinit2.o(.ARM.Collect$$libinit$$00000002)
    __rt_lib_init_heap_2                     0x08000163   Thumb Code     0  libinit2.o(.ARM.Collect$$libinit$$00000005)
    __rt_lib_init_preinit_1                  0x08000163   Thumb Code     0  libinit2.o(.ARM.Collect$$libinit$$00000004)
    __rt_lib_init_heap_1                     0x0800016b   Thumb Code     0  libinit2.o(.ARM.Collect$$libinit$$0000000A)
    __rt_lib_init_lc_common                  0x0800016b   Thumb Code     0  libinit2.o(.ARM.Collect$$libinit$$0000000F)
    __rt_lib_init_rand_1                     0x0800016b   Thumb Code     0  libinit2.o(.ARM.Collect$$libinit$$0000000E)
    __rt_lib_init_user_alloc_1               0x0800016b   Thumb Code     0  libinit2.o(.ARM.Collect$$libinit$$0000000C)
    __rt_lib_init_lc_collate_1               0x08000171   Thumb Code     0  libinit2.o(.ARM.Collect$$libinit$$00000011)
    __rt_lib_init_lc_ctype_2                 0x08000171   Thumb Code     0  libinit2.o(.ARM.Collect$$libinit$$00000012)
    __rt_lib_init_alloca_1                   0x0800017d   Thumb Code     0  libinit2.o(.ARM.Collect$$libinit$$0000002E)
    __rt_lib_init_argv_1                     0x0800017d   Thumb Code     0  libinit2.o(.ARM.Collect$$libinit$$0000002C)
    __rt_lib_init_atexit_1                   0x0800017d   Thumb Code     0  libinit2.o(.ARM.Collect$$libinit$$0000001B)
    __rt_lib_init_clock_1                    0x0800017d   Thumb Code     0  libinit2.o(.ARM.Collect$$libinit$$00000021)
    __rt_lib_init_cpp_1                      0x0800017d   Thumb Code     0  libinit2.o(.ARM.Collect$$libinit$$00000032)
    __rt_lib_init_exceptions_1               0x0800017d   Thumb Code     0  libinit2.o(.ARM.Collect$$libinit$$00000030)
    __rt_lib_init_fp_trap_1                  0x0800017d   Thumb Code     0  libinit2.o(.ARM.Collect$$libinit$$0000001F)
    __rt_lib_init_getenv_1                   0x0800017d   Thumb Code     0  libinit2.o(.ARM.Collect$$libinit$$00000023)
    __rt_lib_init_lc_ctype_1                 0x0800017d   Thumb Code     0  libinit2.o(.ARM.Collect$$libinit$$00000013)
    __rt_lib_init_lc_monetary_1              0x0800017d   Thumb Code     0  libinit2.o(.ARM.Collect$$libinit$$00000015)
    __rt_lib_init_lc_numeric_1               0x0800017d   Thumb Code     0  libinit2.o(.ARM.Collect$$libinit$$00000017)
    __rt_lib_init_lc_time_1                  0x0800017d   Thumb Code     0  libinit2.o(.ARM.Collect$$libinit$$00000019)
    __rt_lib_init_return                     0x0800017d   Thumb Code     0  libinit2.o(.ARM.Collect$$libinit$$00000033)
    __rt_lib_init_signal_1                   0x0800017d   Thumb Code     0  libinit2.o(.ARM.Collect$$libinit$$0000001D)
    __rt_lib_init_stdio_1                    0x0800017d   Thumb Code     0  libinit2.o(.ARM.Collect$$libinit$$00000025)
    __rt_lib_shutdown                        0x0800017f   Thumb Code     0  libshutdown.o(.ARM.Collect$$libshutdown$$00000000)
    __rt_lib_shutdown_cpp_1                  0x08000181   Thumb Code     0  libshutdown2.o(.ARM.Collect$$libshutdown$$00000002)
    __rt_lib_shutdown_fp_trap_1              0x08000181   Thumb Code     0  libshutdown2.o(.ARM.Collect$$libshutdown$$00000007)
    __rt_lib_shutdown_heap_1                 0x08000181   Thumb Code     0  libshutdown2.o(.ARM.Collect$$libshutdown$$0000000F)
    __rt_lib_shutdown_return                 0x08000181   Thumb Code     0  libshutdown2.o(.ARM.Collect$$libshutdown$$00000010)
    __rt_lib_shutdown_signal_1               0x08000181   Thumb Code     0  libshutdown2.o(.ARM.Collect$$libshutdown$$0000000A)
    __rt_lib_shutdown_stdio_1                0x08000181   Thumb Code     0  libshutdown2.o(.ARM.Collect$$libshutdown$$00000004)
    __rt_lib_shutdown_user_alloc_1           0x08000181   Thumb Code     0  libshutdown2.o(.ARM.Collect$$libshutdown$$0000000C)
    __rt_entry                               0x08000183   Thumb Code     0  __rtentry.o(.ARM.Collect$$rtentry$$00000000)
    __rt_entry_presh_1                       0x08000183   Thumb Code     0  __rtentry2.o(.ARM.Collect$$rtentry$$00000002)
    __rt_entry_sh                            0x08000183   Thumb Code     0  __rtentry4.o(.ARM.Collect$$rtentry$$00000004)
    __rt_entry_li                            0x08000189   Thumb Code     0  __rtentry2.o(.ARM.Collect$$rtentry$$0000000A)
    __rt_entry_postsh_1                      0x08000189   Thumb Code     0  __rtentry2.o(.ARM.Collect$$rtentry$$00000009)
    __rt_entry_main                          0x0800018d   Thumb Code     0  __rtentry2.o(.ARM.Collect$$rtentry$$0000000D)
    __rt_entry_postli_1                      0x0800018d   Thumb Code     0  __rtentry2.o(.ARM.Collect$$rtentry$$0000000C)
    __rt_exit                                0x08000195   Thumb Code     0  rtexit.o(.ARM.Collect$$rtexit$$00000000)
    __rt_exit_ls                             0x08000197   Thumb Code     0  rtexit2.o(.ARM.Collect$$rtexit$$00000003)
    __rt_exit_prels_1                        0x08000197   Thumb Code     0  rtexit2.o(.ARM.Collect$$rtexit$$00000002)
    __rt_exit_exit                           0x0800019b   Thumb Code     0  rtexit2.o(.ARM.Collect$$rtexit$$00000004)
    Reset_Handler                            0x080001a1   Thumb Code     8  startup_stm32f10x_md.o(.text)
    _maybe_terminate_alloc                   0x080001a1   Thumb Code     0  maybetermalloc1.o(.emb_text)
    NMI_Handler                              0x080001a9   Thumb Code     2  startup_stm32f10x_md.o(.text)
    HardFault_Handler                        0x080001ab   Thumb Code     2  startup_stm32f10x_md.o(.text)
    MemManage_Handler                        0x080001ad   Thumb Code     2  startup_stm32f10x_md.o(.text)
    BusFault_Handler                         0x080001af   Thumb Code     2  startup_stm32f10x_md.o(.text)
    UsageFault_Handler                       0x080001b1   Thumb Code     2  startup_stm32f10x_md.o(.text)
    SVC_Handler                              0x080001b3   Thumb Code     2  startup_stm32f10x_md.o(.text)
    DebugMon_Handler                         0x080001b5   Thumb Code     2  startup_stm32f10x_md.o(.text)
    PendSV_Handler                           0x080001b7   Thumb Code     2  startup_stm32f10x_md.o(.text)
    SysTick_Handler                          0x080001b9   Thumb Code     2  startup_stm32f10x_md.o(.text)
    ADC1_2_IRQHandler                        0x080001bb   Thumb Code     0  startup_stm32f10x_md.o(.text)
    CAN1_RX1_IRQHandler                      0x080001bb   Thumb Code     0  startup_stm32f10x_md.o(.text)
    CAN1_SCE_IRQHandler                      0x080001bb   Thumb Code     0  startup_stm32f10x_md.o(.text)
    DMA1_Channel1_IRQHandler                 0x080001bb   Thumb Code     0  startup_stm32f10x_md.o(.text)
    DMA1_Channel2_IRQHandler                 0x080001bb   Thumb Code     0  startup_stm32f10x_md.o(.text)
    DMA1_Channel3_IRQHandler                 0x080001bb   Thumb Code     0  startup_stm32f10x_md.o(.text)
    DMA1_Channel4_IRQHandler                 0x080001bb   Thumb Code     0  startup_stm32f10x_md.o(.text)
    DMA1_Channel5_IRQHandler                 0x080001bb   Thumb Code     0  startup_stm32f10x_md.o(.text)
    DMA1_Channel6_IRQHandler                 0x080001bb   Thumb Code     0  startup_stm32f10x_md.o(.text)
    DMA1_Channel7_IRQHandler                 0x080001bb   Thumb Code     0  startup_stm32f10x_md.o(.text)
    EXTI0_IRQHandler                         0x080001bb   Thumb Code     0  startup_stm32f10x_md.o(.text)
    EXTI15_10_IRQHandler                     0x080001bb   Thumb Code     0  startup_stm32f10x_md.o(.text)
    EXTI1_IRQHandler                         0x080001bb   Thumb Code     0  startup_stm32f10x_md.o(.text)
    EXTI2_IRQHandler                         0x080001bb   Thumb Code     0  startup_stm32f10x_md.o(.text)
    EXTI3_IRQHandler                         0x080001bb   Thumb Code     0  startup_stm32f10x_md.o(.text)
    EXTI4_IRQHandler                         0x080001bb   Thumb Code     0  startup_stm32f10x_md.o(.text)
    EXTI9_5_IRQHandler                       0x080001bb   Thumb Code     0  startup_stm32f10x_md.o(.text)
    FLASH_IRQHandler                         0x080001bb   Thumb Code     0  startup_stm32f10x_md.o(.text)
    I2C1_ER_IRQHandler                       0x080001bb   Thumb Code     0  startup_stm32f10x_md.o(.text)
    I2C1_EV_IRQHandler                       0x080001bb   Thumb Code     0  startup_stm32f10x_md.o(.text)
    I2C2_ER_IRQHandler                       0x080001bb   Thumb Code     0  startup_stm32f10x_md.o(.text)
    I2C2_EV_IRQHandler                       0x080001bb   Thumb Code     0  startup_stm32f10x_md.o(.text)
    PVD_IRQHandler                           0x080001bb   Thumb Code     0  startup_stm32f10x_md.o(.text)
    RCC_IRQHandler                           0x080001bb   Thumb Code     0  startup_stm32f10x_md.o(.text)
    RTCAlarm_IRQHandler                      0x080001bb   Thumb Code     0  startup_stm32f10x_md.o(.text)
    RTC_IRQHandler                           0x080001bb   Thumb Code     0  startup_stm32f10x_md.o(.text)
    SPI1_IRQHandler                          0x080001bb   Thumb Code     0  startup_stm32f10x_md.o(.text)
    SPI2_IRQHandler                          0x080001bb   Thumb Code     0  startup_stm32f10x_md.o(.text)
    TAMPER_IRQHandler                        0x080001bb   Thumb Code     0  startup_stm32f10x_md.o(.text)
    TIM1_BRK_IRQHandler                      0x080001bb   Thumb Code     0  startup_stm32f10x_md.o(.text)
    TIM1_CC_IRQHandler                       0x080001bb   Thumb Code     0  startup_stm32f10x_md.o(.text)
    TIM1_TRG_COM_IRQHandler                  0x080001bb   Thumb Code     0  startup_stm32f10x_md.o(.text)
    TIM1_UP_IRQHandler                       0x080001bb   Thumb Code     0  startup_stm32f10x_md.o(.text)
    TIM2_IRQHandler                          0x080001bb   Thumb Code     0  startup_stm32f10x_md.o(.text)
    TIM3_IRQHandler                          0x080001bb   Thumb Code     0  startup_stm32f10x_md.o(.text)
    TIM4_IRQHandler                          0x080001bb   Thumb Code     0  startup_stm32f10x_md.o(.text)
    USART3_IRQHandler                        0x080001bb   Thumb Code     0  startup_stm32f10x_md.o(.text)
    USBWakeUp_IRQHandler                     0x080001bb   Thumb Code     0  startup_stm32f10x_md.o(.text)
    USB_HP_CAN1_TX_IRQHandler                0x080001bb   Thumb Code     0  startup_stm32f10x_md.o(.text)
    USB_LP_CAN1_RX0_IRQHandler               0x080001bb   Thumb Code     0  startup_stm32f10x_md.o(.text)
    WWDG_IRQHandler                          0x080001bb   Thumb Code     0  startup_stm32f10x_md.o(.text)
    __user_initial_stackheap                 0x080001bd   Thumb Code     0  startup_stm32f10x_md.o(.text)
    __rt_ctype_table                         0x080001e1   Thumb Code    16  rt_ctype_table.o(.text)
    malloc                                   0x080001f1   Thumb Code    94  h1_alloc.o(.text)
    free                                     0x0800024f   Thumb Code    78  h1_free.o(.text)
    strtol                                   0x0800029d   Thumb Code   112  strtol.o(.text)
    strlen                                   0x0800030d   Thumb Code    62  strlen.o(.text)
    __aeabi_memcpy4                          0x0800034b   Thumb Code     0  rt_memcpy_w.o(.text)
    __aeabi_memcpy8                          0x0800034b   Thumb Code     0  rt_memcpy_w.o(.text)
    __rt_memcpy_w                            0x0800034b   Thumb Code   100  rt_memcpy_w.o(.text)
    _memcpy_lastbytes_aligned                0x08000393   Thumb Code     0  rt_memcpy_w.o(.text)
    strcmp                                   0x080003b1   Thumb Code   128  strcmpv7m.o(.text)
    __use_two_region_memory                  0x08000431   Thumb Code     2  heapauxi.o(.text)
    __rt_heap_escrow                         0x08000433   Thumb Code     2  heapauxi.o(.text)
    __rt_heap_expand                         0x08000435   Thumb Code     2  heapauxi.o(.text)
    __rt_heap_descriptor                     0x08000439   Thumb Code     8  rt_heap_descriptor_intlibspace.o(.text)
    __rt_locale                              0x08000441   Thumb Code     8  rt_locale_intlibspace.o(.text)
    __aeabi_errno_addr                       0x08000449   Thumb Code     8  rt_errno_addr_intlibspace.o(.text)
    __errno$intlibspace                      0x08000449   Thumb Code     0  rt_errno_addr_intlibspace.o(.text)
    __rt_errno_addr$intlibspace              0x08000449   Thumb Code     0  rt_errno_addr_intlibspace.o(.text)
    __use_no_heap                            0x08000451   Thumb Code     2  hguard.o(.text)
    __heap$guard                             0x08000453   Thumb Code     2  hguard.o(.text)
    _terminate_user_alloc                    0x08000455   Thumb Code     2  init_alloc.o(.text)
    _init_user_alloc                         0x08000457   Thumb Code     2  init_alloc.o(.text)
    __Heap_Full                              0x08000459   Thumb Code    34  init_alloc.o(.text)
    __Heap_Broken                            0x0800047b   Thumb Code     6  init_alloc.o(.text)
    _init_alloc                              0x08000481   Thumb Code    94  init_alloc.o(.text)
    __Heap_Initialize                        0x080004df   Thumb Code    10  h1_init.o(.text)
    __Heap_DescSize                          0x080004e9   Thumb Code     4  h1_init.o(.text)
    __read_errno                             0x080004ed   Thumb Code    10  _rserrno.o(.text)
    __set_errno                              0x080004f7   Thumb Code    12  _rserrno.o(.text)
    _strtoul                                 0x08000503   Thumb Code   158  _strtoul.o(.text)
    __user_libspace                          0x080005a1   Thumb Code     8  libspace.o(.text)
    __user_perproc_libspace                  0x080005a1   Thumb Code     0  libspace.o(.text)
    __user_perthread_libspace                0x080005a1   Thumb Code     0  libspace.o(.text)
    __Heap_ProvideMemory                     0x080005a9   Thumb Code    52  h1_extend.o(.text)
    _chval                                   0x080005dd   Thumb Code    28  _chval.o(.text)
    __rt_SIGRTMEM                            0x080005f9   Thumb Code    14  defsig_rtmem_outer.o(.text)
    __I$use$semihosting                      0x08000607   Thumb Code     0  use_no_semi.o(.text)
    __use_no_semihosting_swi                 0x08000607   Thumb Code     2  use_no_semi.o(.text)
    __semihosting_library_function           0x08000609   Thumb Code     0  indicate_semi.o(.text)
    __user_setup_stackheap                   0x08000609   Thumb Code    74  sys_stackheap_outer.o(.text)
    exit                                     0x08000653   Thumb Code    18  exit.o(.text)
    __sig_exit                               0x08000665   Thumb Code    10  defsig_exit.o(.text)
    __rt_SIGRTMEM_inner                      0x08000671   Thumb Code    22  defsig_rtmem_inner.o(.text)
    _sys_exit                                0x080006c1   Thumb Code     8  sys_exit.o(.text)
    __default_signal_display                 0x080006cd   Thumb Code    50  defsig_general.o(.text)
    _ttywrch                                 0x080006ff   Thumb Code    14  sys_wrch.o(.text)
    GPIO_Init                                0x0800070d   Thumb Code   166  stm32f10x_gpio.o(i.GPIO_Init)
    GPIO_ResetBits                           0x080007b3   Thumb Code     4  stm32f10x_gpio.o(i.GPIO_ResetBits)
    NVIC_Init                                0x080007cd   Thumb Code    96  misc.o(i.NVIC_Init)
    NVIC_PriorityGroupConfig                 0x08000831   Thumb Code    10  misc.o(i.NVIC_PriorityGroupConfig)
    RCC_APB1PeriphClockCmd                   0x08000845   Thumb Code    22  stm32f10x_rcc.o(i.RCC_APB1PeriphClockCmd)
    RCC_APB2PeriphClockCmd                   0x08000861   Thumb Code    22  stm32f10x_rcc.o(i.RCC_APB2PeriphClockCmd)
    RCC_DeInit                               0x0800087d   Thumb Code    50  stm32f10x_rcc.o(i.RCC_DeInit)
    RCC_GetClocksFreq                        0x080008bd   Thumb Code   154  stm32f10x_rcc.o(i.RCC_GetClocksFreq)
    RCC_GetFlagStatus                        0x08000969   Thumb Code    42  stm32f10x_rcc.o(i.RCC_GetFlagStatus)
    RCC_GetSYSCLKSource                      0x08000999   Thumb Code    10  stm32f10x_rcc.o(i.RCC_GetSYSCLKSource)
    RCC_HCLKConfig                           0x080009a9   Thumb Code    14  stm32f10x_rcc.o(i.RCC_HCLKConfig)
    RCC_HSEConfig                            0x080009bd   Thumb Code    50  stm32f10x_rcc.o(i.RCC_HSEConfig)
    RCC_PCLK1Config                          0x080009f5   Thumb Code    14  stm32f10x_rcc.o(i.RCC_PCLK1Config)
    RCC_PCLK2Config                          0x08000a09   Thumb Code    16  stm32f10x_rcc.o(i.RCC_PCLK2Config)
    RCC_PLLCmd                               0x08000a1d   Thumb Code     6  stm32f10x_rcc.o(i.RCC_PLLCmd)
    RCC_PLLConfig                            0x08000a29   Thumb Code    16  stm32f10x_rcc.o(i.RCC_PLLConfig)
    RCC_SYSCLKConfig                         0x08000a3d   Thumb Code    14  stm32f10x_rcc.o(i.RCC_SYSCLKConfig)
    RCC_WaitForHSEStartUp                    0x08000a51   Thumb Code    48  stm32f10x_rcc.o(i.RCC_WaitForHSEStartUp)
    SystemInit                               0x08000b35   Thumb Code    64  system_stm32f10x.o(i.SystemInit)
    USART1_IRQHandler                        0x08000b85   Thumb Code   144  main.o(i.USART1_IRQHandler)
    USART2_IRQHandler                        0x08000c25   Thumb Code   104  main.o(i.USART2_IRQHandler)
    USART_ClearITPendingBit                  0x08000c99   Thumb Code    16  stm32f10x_usart.o(i.USART_ClearITPendingBit)
    USART_Cmd                                0x08000ca9   Thumb Code    24  stm32f10x_usart.o(i.USART_Cmd)
    USART_GetITStatus                        0x08000cc1   Thumb Code    64  stm32f10x_usart.o(i.USART_GetITStatus)
    USART_ITConfig                           0x08000d01   Thumb Code    54  stm32f10x_usart.o(i.USART_ITConfig)
    USART_Init                               0x08000d39   Thumb Code   182  stm32f10x_usart.o(i.USART_Init)
    USART_ReceiveData                        0x08000df5   Thumb Code     8  stm32f10x_usart.o(i.USART_ReceiveData)
    USART_SendData                           0x08000dfd   Thumb Code     8  stm32f10x_usart.o(i.USART_SendData)
    WGS84toSK42                              0x08000e05   Thumb Code   242  wgs84tosk42.o(i.WGS84toSK42)
    __ARM_fpclassify                         0x08000f09   Thumb Code    40  fpclassify.o(i.__ARM_fpclassify)
    __ieee754_rem_pio2                       0x08000f31   Thumb Code   828  rred.o(i.__ieee754_rem_pio2)
    __kernel_cos                             0x080012b9   Thumb Code   230  cos_i.o(i.__kernel_cos)
    __kernel_poly                            0x080013b5   Thumb Code   170  poly.o(i.__kernel_poly)
    __kernel_sin                             0x08001461   Thumb Code   224  sin_i.o(i.__kernel_sin)
    __mathlib_dbl_divzero                    0x0800154d   Thumb Code    12  dunder.o(i.__mathlib_dbl_divzero)
    __mathlib_dbl_infnan                     0x0800155d   Thumb Code     6  dunder.o(i.__mathlib_dbl_infnan)
    __mathlib_dbl_infnan2                    0x08001563   Thumb Code     4  dunder.o(i.__mathlib_dbl_infnan2)
    __mathlib_dbl_invalid                    0x08001567   Thumb Code    12  dunder.o(i.__mathlib_dbl_invalid)
    __mathlib_dbl_overflow                   0x08001573   Thumb Code    14  dunder.o(i.__mathlib_dbl_overflow)
    __mathlib_dbl_underflow                  0x08001581   Thumb Code    10  dunder.o(i.__mathlib_dbl_underflow)
    atan                                     0x08001591   Thumb Code   474  atan.o(i.atan)
    atan2                                    0x080017b1   Thumb Code   346  atan2.o(i.atan2)
    cos                                      0x08001931   Thumb Code   148  cos.o(i.cos)
    initCPUFreq                              0x080019f7   Thumb Code    88  init.o(i.initCPUFreq)
    llh2ecef                                 0x08001a51   Thumb Code   242  wgs84tosk42.o(i.llh2ecef)
    main                                     0x08001b55   Thumb Code  1176  main.o(i.main)
    minmea_check                             0x08001ff1   Thumb Code   154  minmea.o(i.minmea_check)
    minmea_parse_gga                         0x080020b9   Thumb Code   112  minmea.o(i.minmea_parse_gga)
    minmea_parse_vtg                         0x0800213d   Thumb Code   126  minmea.o(i.minmea_parse_vtg)
    minmea_scan                              0x080021cd   Thumb Code   904  minmea.o(i.minmea_scan)
    minmea_sentence_id                       0x08002559   Thumb Code   144  minmea.o(i.minmea_sentence_id)
    path                                     0x08002609   Thumb Code   392  path.o(i.path)
    portUART1Init                            0x080027a1   Thumb Code   136  init.o(i.portUART1Init)
    portUART2Init                            0x08002839   Thumb Code   136  init.o(i.portUART2Init)
    pow                                      0x080028d5   Thumb Code  2512  pow.o(i.pow)
    sin                                      0x080032ad   Thumb Code   150  sin.o(i.sin)
    sqrt                                     0x0800334d   Thumb Code    76  sqrt.o(i.sqrt)
    write_float                              0x08003399   Thumb Code    28  main.o(i.write_float)
    xyzPZ90_to_xyzSK42                       0x080033b9   Thumb Code   162  wgs84tosk42.o(i.xyzPZ90_to_xyzSK42)
    xyzWSG84_to_xyzPZ90                      0x08003479   Thumb Code   154  wgs84tosk42.o(i.xyzWSG84_to_xyzPZ90)
    _get_lc_ctype                            0x0800352d   Thumb Code    44  lc_ctype_c.o(locale$$code)
    __aeabi_d2f                              0x08003559   Thumb Code     0  d2f.o(x$fpl$d2f)
    _d2f                                     0x08003559   Thumb Code    98  d2f.o(x$fpl$d2f)
    __aeabi_dadd                             0x080035bd   Thumb Code     0  daddsub_clz.o(x$fpl$dadd)
    _dadd                                    0x080035bd   Thumb Code   332  daddsub_clz.o(x$fpl$dadd)
    __fpl_dcheck_NaN1                        0x0800370d   Thumb Code    10  dcheck1.o(x$fpl$dcheck1)
    __fpl_dcmp_Inf                           0x0800371d   Thumb Code    24  dcmpi.o(x$fpl$dcmpinf)
    __aeabi_ddiv                             0x08003735   Thumb Code     0  ddiv.o(x$fpl$ddiv)
    _ddiv                                    0x08003735   Thumb Code   552  ddiv.o(x$fpl$ddiv)
    __aeabi_d2iz                             0x080039e5   Thumb Code     0  dfix.o(x$fpl$dfix)
    _dfix                                    0x080039e5   Thumb Code    94  dfix.o(x$fpl$dfix)
    __aeabi_i2d                              0x08003a43   Thumb Code     0  dflt_clz.o(x$fpl$dflt)
    _dflt                                    0x08003a43   Thumb Code    46  dflt_clz.o(x$fpl$dflt)
    __aeabi_ui2d                             0x08003a71   Thumb Code     0  dflt_clz.o(x$fpl$dfltu)
    _dfltu                                   0x08003a71   Thumb Code    38  dflt_clz.o(x$fpl$dfltu)
    __aeabi_cdcmple                          0x08003a99   Thumb Code     0  dleqf.o(x$fpl$dleqf)
    _dcmple                                  0x08003a99   Thumb Code   120  dleqf.o(x$fpl$dleqf)
    __fpl_dcmple_InfNaN                      0x08003afb   Thumb Code     0  dleqf.o(x$fpl$dleqf)
    __aeabi_dmul                             0x08003b11   Thumb Code     0  dmul.o(x$fpl$dmul)
    _dmul                                    0x08003b11   Thumb Code   332  dmul.o(x$fpl$dmul)
    __fpl_dnaninf                            0x08003c65   Thumb Code   156  dnaninf.o(x$fpl$dnaninf)
    __fpl_dretinf                            0x08003d01   Thumb Code    12  dretinf.o(x$fpl$dretinf)
    __aeabi_cdrcmple                         0x08003d0d   Thumb Code     0  drleqf.o(x$fpl$drleqf)
    _drcmple                                 0x08003d0d   Thumb Code   108  drleqf.o(x$fpl$drleqf)
    __aeabi_drsub                            0x08003d79   Thumb Code     0  daddsub_clz.o(x$fpl$drsb)
    _drsb                                    0x08003d79   Thumb Code    22  daddsub_clz.o(x$fpl$drsb)
    _dsqrt                                   0x08003d91   Thumb Code   456  dsqrt_noumaal.o(x$fpl$dsqrt)
    __aeabi_dsub                             0x08003f5d   Thumb Code     0  daddsub_clz.o(x$fpl$dsub)
    _dsub                                    0x08003f5d   Thumb Code   464  daddsub_clz.o(x$fpl$dsub)
    __aeabi_f2d                              0x08004131   Thumb Code     0  f2d.o(x$fpl$f2d)
    _f2d                                     0x08004131   Thumb Code    86  f2d.o(x$fpl$f2d)
    __aeabi_fadd                             0x08004189   Thumb Code     0  faddsub_clz.o(x$fpl$fadd)
    _fadd                                    0x08004189   Thumb Code   196  faddsub_clz.o(x$fpl$fadd)
    __aeabi_fdiv                             0x0800424d   Thumb Code     0  fdiv.o(x$fpl$fdiv)
    _fdiv                                    0x0800424d   Thumb Code   384  fdiv.o(x$fpl$fdiv)
    __aeabi_f2iz                             0x080043d1   Thumb Code     0  ffix.o(x$fpl$ffix)
    _ffix                                    0x080043d1   Thumb Code    54  ffix.o(x$fpl$ffix)
    __aeabi_f2uiz                            0x08004409   Thumb Code     0  ffixu.o(x$fpl$ffixu)
    _ffixu                                   0x08004409   Thumb Code    62  ffixu.o(x$fpl$ffixu)
    __aeabi_i2f                              0x08004449   Thumb Code     0  fflt_clz.o(x$fpl$fflt)
    _fflt                                    0x08004449   Thumb Code    48  fflt_clz.o(x$fpl$fflt)
    __aeabi_fmul                             0x08004479   Thumb Code     0  fmul.o(x$fpl$fmul)
    _fmul                                    0x08004479   Thumb Code   258  fmul.o(x$fpl$fmul)
    __fpl_fnaninf                            0x0800457b   Thumb Code   140  fnaninf.o(x$fpl$fnaninf)
    __fpl_fretinf                            0x08004607   Thumb Code    10  fretinf.o(x$fpl$fretinf)
    __aeabi_frsub                            0x08004611   Thumb Code     0  faddsub_clz.o(x$fpl$frsb)
    _frsb                                    0x08004611   Thumb Code    20  faddsub_clz.o(x$fpl$frsb)
    __aeabi_fsub                             0x08004625   Thumb Code     0  faddsub_clz.o(x$fpl$fsub)
    _fsub                                    0x08004625   Thumb Code   234  faddsub_clz.o(x$fpl$fsub)
    __fpl_return_NaN                         0x0800470f   Thumb Code   100  retnan.o(x$fpl$retnan)
    __ARM_scalbn                             0x08004773   Thumb Code    92  scalbn.o(x$fpl$scalbn)
    __fpl_cmpreturn                          0x080047cf   Thumb Code    48  trapv.o(x$fpl$trapveneer)
    __I$use$fp                               0x080047fe   Number         0  usenofp.o(x$fpl$usenofp)
    __mathlib_zero                           0x08004a08   Data           8  qnan.o(.constdata)
    Region$$Table$$Base                      0x08004b00   Number         0  anon$$obj.o(Region$$Table)
    Region$$Table$$Limit                     0x08004b20   Number         0  anon$$obj.o(Region$$Table)
    __ctype                                  0x08004b2d   Data           0  lc_ctype_c.o(locale$$data)
    time_secs                                0x20000000   Data           1  main.o(.data)
    outData0x02                              0x20000001   Data           1  main.o(.data)
    input485                                 0x20000002   Data           2  main.o(.data)
    tmp                                      0x20000004   Data           2  main.o(.data)
    gnss_data_started                        0x20000008   Data           4  main.o(.data)
    i                                        0x2000000c   Data           4  main.o(.data)
    j                                        0x20000010   Data           4  main.o(.data)
    start                                    0x20000014   Data           4  main.o(.data)
    lineCount                                0x20000018   Data           4  main.o(.data)
    sending                                  0x2000001c   Data           4  main.o(.data)
    prev_time                                0x20000020   Data           4  main.o(.data)
    temp                                     0x20000024   Data           4  main.o(.data)
    tempik                                   0x20000028   Data           4  main.o(.data)
    tt                                       0x2000002c   Data           4  main.o(.data)
    llat_cur                                 0x20000030   Data           4  main.o(.data)
    llong_cur                                0x20000034   Data           4  main.o(.data)
    llat_prev                                0x20000038   Data           4  main.o(.data)
    llong_prev                               0x2000003c   Data           4  main.o(.data)
    dist1                                    0x20000040   Data           4  main.o(.data)
    height_cur                               0x20000044   Data           4  main.o(.data)
    number_of_resets                         0x20000048   Data           4  main.o(.data)
    writeRxCounter1                          0x2000004c   Data           4  main.o(.data)
    readRxCounter1                           0x20000050   Data           4  main.o(.data)
    writeTxCounter1                          0x20000054   Data           4  main.o(.data)
    readTxCounter1                           0x20000058   Data           4  main.o(.data)
    sizeTx1                                  0x2000005c   Data           4  main.o(.data)
    writeRxCounter2                          0x20000060   Data           4  main.o(.data)
    readRxCounter2                           0x20000064   Data           4  main.o(.data)
    pi                                       0x20000068   Data           8  main.o(.data)
    GPIO_InitStructure                       0x20000070   Data           4  main.o(.data)
    NVIC_InitStructure                       0x20000074   Data           4  main.o(.data)
    USART_InitStructure                      0x2000008c   Data          16  main.o(.bss)
    frame1                                   0x2000009c   Data          36  main.o(.bss)
    frame                                    0x200000c0   Data          76  main.o(.bss)
    outData0x01                              0x2000010c   Data          39  main.o(.bss)
    RxBuffer1                                0x20000134   Data        2000  main.o(.bss)
    TxBuffer1                                0x20000904   Data        1000  main.o(.bss)
    RxBuffer2                                0x20000cec   Data        1000  main.o(.bss)
    line                                     0x200010d4   Data         200  main.o(.bss)
    __libspace_start                         0x2000119c   Data          96  libspace.o(.bss)
    __temporary_stack_top$libspace           0x200011fc   Data           0  libspace.o(.bss)



==============================================================================

Memory Map of the image

  Image Entry point : 0x080001a1

  Load Region LR_1 (Base: 0x08000000, Size: 0x00004cbc, Max: 0xffffffff, ABSOLUTE)

    Execution Region ER_RO (Exec base: 0x08000000, Load base: 0x08000000, Size: 0x00004c30, Max: 0xffffffff, ABSOLUTE)

    Exec Addr    Load Addr    Size         Type   Attr      Idx    E Section Name        Object

    0x08000000   0x08000000   0x000000ec   Data   RO          304    RESET               startup_stm32f10x_md.o
    0x080000ec   0x080000ec   0x00000008   Code   RO         1604  * !!!main             c_w.l(__main.o)
    0x080000f4   0x080000f4   0x00000034   Code   RO         1986    !!!scatter          c_w.l(__scatter.o)
    0x08000128   0x08000128   0x0000001a   Code   RO         1988    !!handler_copy      c_w.l(__scatter_copy.o)
    0x08000142   0x08000142   0x00000002   PAD
    0x08000144   0x08000144   0x0000001c   Code   RO         1990    !!handler_zi        c_w.l(__scatter_zi.o)
    0x08000160   0x08000160   0x00000002   Code   RO         1921    .ARM.Collect$$libinit$$00000000  c_w.l(libinit.o)
    0x08000162   0x08000162   0x00000000   Code   RO         1742    .ARM.Collect$$libinit$$00000002  c_w.l(libinit2.o)
    0x08000162   0x08000162   0x00000000   Code   RO         1744    .ARM.Collect$$libinit$$00000004  c_w.l(libinit2.o)
    0x08000162   0x08000162   0x00000008   Code   RO         1745    .ARM.Collect$$libinit$$00000005  c_w.l(libinit2.o)
    0x0800016a   0x0800016a   0x00000000   Code   RO         1747    .ARM.Collect$$libinit$$0000000A  c_w.l(libinit2.o)
    0x0800016a   0x0800016a   0x00000000   Code   RO         1749    .ARM.Collect$$libinit$$0000000C  c_w.l(libinit2.o)
    0x0800016a   0x0800016a   0x00000000   Code   RO         1751    .ARM.Collect$$libinit$$0000000E  c_w.l(libinit2.o)
    0x0800016a   0x0800016a   0x00000006   Code   RO         1752    .ARM.Collect$$libinit$$0000000F  c_w.l(libinit2.o)
    0x08000170   0x08000170   0x00000000   Code   RO         1754    .ARM.Collect$$libinit$$00000011  c_w.l(libinit2.o)
    0x08000170   0x08000170   0x0000000c   Code   RO         1755    .ARM.Collect$$libinit$$00000012  c_w.l(libinit2.o)
    0x0800017c   0x0800017c   0x00000000   Code   RO         1756    .ARM.Collect$$libinit$$00000013  c_w.l(libinit2.o)
    0x0800017c   0x0800017c   0x00000000   Code   RO         1758    .ARM.Collect$$libinit$$00000015  c_w.l(libinit2.o)
    0x0800017c   0x0800017c   0x00000000   Code   RO         1760    .ARM.Collect$$libinit$$00000017  c_w.l(libinit2.o)
    0x0800017c   0x0800017c   0x00000000   Code   RO         1762    .ARM.Collect$$libinit$$00000019  c_w.l(libinit2.o)
    0x0800017c   0x0800017c   0x00000000   Code   RO         1764    .ARM.Collect$$libinit$$0000001B  c_w.l(libinit2.o)
    0x0800017c   0x0800017c   0x00000000   Code   RO         1766    .ARM.Collect$$libinit$$0000001D  c_w.l(libinit2.o)
    0x0800017c   0x0800017c   0x00000000   Code   RO         1768    .ARM.Collect$$libinit$$0000001F  c_w.l(libinit2.o)
    0x0800017c   0x0800017c   0x00000000   Code   RO         1770    .ARM.Collect$$libinit$$00000021  c_w.l(libinit2.o)
    0x0800017c   0x0800017c   0x00000000   Code   RO         1772    .ARM.Collect$$libinit$$00000023  c_w.l(libinit2.o)
    0x0800017c   0x0800017c   0x00000000   Code   RO         1774    .ARM.Collect$$libinit$$00000025  c_w.l(libinit2.o)
    0x0800017c   0x0800017c   0x00000000   Code   RO         1778    .ARM.Collect$$libinit$$0000002C  c_w.l(libinit2.o)
    0x0800017c   0x0800017c   0x00000000   Code   RO         1780    .ARM.Collect$$libinit$$0000002E  c_w.l(libinit2.o)
    0x0800017c   0x0800017c   0x00000000   Code   RO         1782    .ARM.Collect$$libinit$$00000030  c_w.l(libinit2.o)
    0x0800017c   0x0800017c   0x00000000   Code   RO         1784    .ARM.Collect$$libinit$$00000032  c_w.l(libinit2.o)
    0x0800017c   0x0800017c   0x00000002   Code   RO         1785    .ARM.Collect$$libinit$$00000033  c_w.l(libinit2.o)
    0x0800017e   0x0800017e   0x00000002   Code   RO         1983    .ARM.Collect$$libshutdown$$00000000  c_w.l(libshutdown.o)
    0x08000180   0x08000180   0x00000000   Code   RO         1937    .ARM.Collect$$libshutdown$$00000002  c_w.l(libshutdown2.o)
    0x08000180   0x08000180   0x00000000   Code   RO         1939    .ARM.Collect$$libshutdown$$00000004  c_w.l(libshutdown2.o)
    0x08000180   0x08000180   0x00000000   Code   RO         1942    .ARM.Collect$$libshutdown$$00000007  c_w.l(libshutdown2.o)
    0x08000180   0x08000180   0x00000000   Code   RO         1945    .ARM.Collect$$libshutdown$$0000000A  c_w.l(libshutdown2.o)
    0x08000180   0x08000180   0x00000000   Code   RO         1947    .ARM.Collect$$libshutdown$$0000000C  c_w.l(libshutdown2.o)
    0x08000180   0x08000180   0x00000000   Code   RO         1950    .ARM.Collect$$libshutdown$$0000000F  c_w.l(libshutdown2.o)
    0x08000180   0x08000180   0x00000002   Code   RO         1951    .ARM.Collect$$libshutdown$$00000010  c_w.l(libshutdown2.o)
    0x08000182   0x08000182   0x00000000   Code   RO         1696    .ARM.Collect$$rtentry$$00000000  c_w.l(__rtentry.o)
    0x08000182   0x08000182   0x00000000   Code   RO         1858    .ARM.Collect$$rtentry$$00000002  c_w.l(__rtentry2.o)
    0x08000182   0x08000182   0x00000006   Code   RO         1870    .ARM.Collect$$rtentry$$00000004  c_w.l(__rtentry4.o)
    0x08000188   0x08000188   0x00000000   Code   RO         1860    .ARM.Collect$$rtentry$$00000009  c_w.l(__rtentry2.o)
    0x08000188   0x08000188   0x00000004   Code   RO         1861    .ARM.Collect$$rtentry$$0000000A  c_w.l(__rtentry2.o)
    0x0800018c   0x0800018c   0x00000000   Code   RO         1863    .ARM.Collect$$rtentry$$0000000C  c_w.l(__rtentry2.o)
    0x0800018c   0x0800018c   0x00000008   Code   RO         1864    .ARM.Collect$$rtentry$$0000000D  c_w.l(__rtentry2.o)
    0x08000194   0x08000194   0x00000002   Code   RO         1926    .ARM.Collect$$rtexit$$00000000  c_w.l(rtexit.o)
    0x08000196   0x08000196   0x00000000   Code   RO         1957    .ARM.Collect$$rtexit$$00000002  c_w.l(rtexit2.o)
    0x08000196   0x08000196   0x00000004   Code   RO         1958    .ARM.Collect$$rtexit$$00000003  c_w.l(rtexit2.o)
    0x0800019a   0x0800019a   0x00000006   Code   RO         1959    .ARM.Collect$$rtexit$$00000004  c_w.l(rtexit2.o)
    0x080001a0   0x080001a0   0x00000000   Code   RO         1874    .emb_text           c_w.l(maybetermalloc1.o)
    0x080001a0   0x080001a0   0x00000040   Code   RO          305  * .text               startup_stm32f10x_md.o
    0x080001e0   0x080001e0   0x00000010   Code   RO         1530    .text               c_w.l(rt_ctype_table.o)
    0x080001f0   0x080001f0   0x0000005e   Code   RO         1536    .text               c_w.l(h1_alloc.o)
    0x0800024e   0x0800024e   0x0000004e   Code   RO         1538    .text               c_w.l(h1_free.o)
    0x0800029c   0x0800029c   0x00000070   Code   RO         1594    .text               c_w.l(strtol.o)
    0x0800030c   0x0800030c   0x0000003e   Code   RO         1596    .text               c_w.l(strlen.o)
    0x0800034a   0x0800034a   0x00000064   Code   RO         1598    .text               c_w.l(rt_memcpy_w.o)
    0x080003ae   0x080003ae   0x00000002   PAD
    0x080003b0   0x080003b0   0x00000080   Code   RO         1600    .text               c_w.l(strcmpv7m.o)
    0x08000430   0x08000430   0x00000006   Code   RO         1602    .text               c_w.l(heapauxi.o)
    0x08000436   0x08000436   0x00000002   PAD
    0x08000438   0x08000438   0x00000008   Code   RO         1700    .text               c_w.l(rt_heap_descriptor_intlibspace.o)
    0x08000440   0x08000440   0x00000008   Code   RO         1705    .text               c_w.l(rt_locale_intlibspace.o)
    0x08000448   0x08000448   0x00000008   Code   RO         1710    .text               c_w.l(rt_errno_addr_intlibspace.o)
    0x08000450   0x08000450   0x00000004   Code   RO         1712    .text               c_w.l(hguard.o)
    0x08000454   0x08000454   0x0000008a   Code   RO         1714    .text               c_w.l(init_alloc.o)
    0x080004de   0x080004de   0x0000000e   Code   RO         1718    .text               c_w.l(h1_init.o)
    0x080004ec   0x080004ec   0x00000016   Code   RO         1732    .text               c_w.l(_rserrno.o)
    0x08000502   0x08000502   0x0000009e   Code   RO         1734    .text               c_w.l(_strtoul.o)
    0x080005a0   0x080005a0   0x00000008   Code   RO         1854    .text               c_w.l(libspace.o)
    0x080005a8   0x080005a8   0x00000034   Code   RO         1876    .text               c_w.l(h1_extend.o)
    0x080005dc   0x080005dc   0x0000001c   Code   RO         1880    .text               c_w.l(_chval.o)
    0x080005f8   0x080005f8   0x0000000e   Code   RO         1882    .text               c_w.l(defsig_rtmem_outer.o)
    0x08000606   0x08000606   0x00000002   Code   RO         1897    .text               c_w.l(use_no_semi.o)
    0x08000608   0x08000608   0x00000000   Code   RO         1899    .text               c_w.l(indicate_semi.o)
    0x08000608   0x08000608   0x0000004a   Code   RO         1900    .text               c_w.l(sys_stackheap_outer.o)
    0x08000652   0x08000652   0x00000012   Code   RO         1906    .text               c_w.l(exit.o)
    0x08000664   0x08000664   0x0000000a   Code   RO         1908    .text               c_w.l(defsig_exit.o)
    0x0800066e   0x0800066e   0x00000002   PAD
    0x08000670   0x08000670   0x00000050   Code   RO         1910    .text               c_w.l(defsig_rtmem_inner.o)
    0x080006c0   0x080006c0   0x0000000c   Code   RO         1924    .text               c_w.l(sys_exit.o)
    0x080006cc   0x080006cc   0x00000032   Code   RO         1934    .text               c_w.l(defsig_general.o)
    0x080006fe   0x080006fe   0x0000000e   Code   RO         1954    .text               c_w.l(sys_wrch.o)
    0x0800070c   0x0800070c   0x000000a6   Code   RO          315    i.GPIO_Init         stm32f10x_gpio.o
    0x080007b2   0x080007b2   0x00000004   Code   RO          322    i.GPIO_ResetBits    stm32f10x_gpio.o
    0x080007b6   0x080007b6   0x00000016   Code   RO          110    i.NVIC_EnableIRQ    init.o
    0x080007cc   0x080007cc   0x00000064   Code   RO          262    i.NVIC_Init         misc.o
    0x08000830   0x08000830   0x00000014   Code   RO          263    i.NVIC_PriorityGroupConfig  misc.o
    0x08000844   0x08000844   0x0000001c   Code   RO          425    i.RCC_APB1PeriphClockCmd  stm32f10x_rcc.o
    0x08000860   0x08000860   0x0000001c   Code   RO          427    i.RCC_APB2PeriphClockCmd  stm32f10x_rcc.o
    0x0800087c   0x0800087c   0x00000040   Code   RO          434    i.RCC_DeInit        stm32f10x_rcc.o
    0x080008bc   0x080008bc   0x000000ac   Code   RO          435    i.RCC_GetClocksFreq  stm32f10x_rcc.o
    0x08000968   0x08000968   0x00000030   Code   RO          436    i.RCC_GetFlagStatus  stm32f10x_rcc.o
    0x08000998   0x08000998   0x00000010   Code   RO          438    i.RCC_GetSYSCLKSource  stm32f10x_rcc.o
    0x080009a8   0x080009a8   0x00000014   Code   RO          439    i.RCC_HCLKConfig    stm32f10x_rcc.o
    0x080009bc   0x080009bc   0x00000038   Code   RO          440    i.RCC_HSEConfig     stm32f10x_rcc.o
    0x080009f4   0x080009f4   0x00000014   Code   RO          446    i.RCC_PCLK1Config   stm32f10x_rcc.o
    0x08000a08   0x08000a08   0x00000014   Code   RO          447    i.RCC_PCLK2Config   stm32f10x_rcc.o
    0x08000a1c   0x08000a1c   0x0000000c   Code   RO          448    i.RCC_PLLCmd        stm32f10x_rcc.o
    0x08000a28   0x08000a28   0x00000014   Code   RO          449    i.RCC_PLLConfig     stm32f10x_rcc.o
    0x08000a3c   0x08000a3c   0x00000014   Code   RO          452    i.RCC_SYSCLKConfig  stm32f10x_rcc.o
    0x08000a50   0x08000a50   0x00000030   Code   RO          454    i.RCC_WaitForHSEStartUp  stm32f10x_rcc.o
    0x08000a80   0x08000a80   0x00000004   Code   RO         1351    i.SetSysClock       system_stm32f10x.o
    0x08000a84   0x08000a84   0x000000b0   Code   RO         1352    i.SetSysClockTo72   system_stm32f10x.o
    0x08000b34   0x08000b34   0x00000050   Code   RO         1354    i.SystemInit        system_stm32f10x.o
    0x08000b84   0x08000b84   0x000000a0   Code   RO            1    i.USART1_IRQHandler  main.o
    0x08000c24   0x08000c24   0x00000074   Code   RO            2    i.USART2_IRQHandler  main.o
    0x08000c98   0x08000c98   0x00000010   Code   RO         1172    i.USART_ClearITPendingBit  stm32f10x_usart.o
    0x08000ca8   0x08000ca8   0x00000018   Code   RO         1175    i.USART_Cmd         stm32f10x_usart.o
    0x08000cc0   0x08000cc0   0x00000040   Code   RO         1179    i.USART_GetITStatus  stm32f10x_usart.o
    0x08000d00   0x08000d00   0x00000036   Code   RO         1181    i.USART_ITConfig    stm32f10x_usart.o
    0x08000d36   0x08000d36   0x00000002   PAD
    0x08000d38   0x08000d38   0x000000bc   Code   RO         1182    i.USART_Init        stm32f10x_usart.o
    0x08000df4   0x08000df4   0x00000008   Code   RO         1189    i.USART_ReceiveData  stm32f10x_usart.o
    0x08000dfc   0x08000dfc   0x00000008   Code   RO         1192    i.USART_SendData    stm32f10x_usart.o
    0x08000e04   0x08000e04   0x00000104   Code   RO          197    i.WGS84toSK42       wgs84tosk42.o
    0x08000f08   0x08000f08   0x00000028   Code   RO         1836    i.__ARM_fpclassify  m_ws.l(fpclassify.o)
    0x08000f30   0x08000f30   0x00000388   Code   RO         1841    i.__ieee754_rem_pio2  m_ws.l(rred.o)
    0x080012b8   0x080012b8   0x000000fc   Code   RO         1819    i.__kernel_cos      m_ws.l(cos_i.o)
    0x080013b4   0x080013b4   0x000000aa   Code   RO         1838    i.__kernel_poly     m_ws.l(poly.o)
    0x0800145e   0x0800145e   0x00000002   PAD
    0x08001460   0x08001460   0x000000ec   Code   RO         1846    i.__kernel_sin      m_ws.l(sin_i.o)
    0x0800154c   0x0800154c   0x00000010   Code   RO         1822    i.__mathlib_dbl_divzero  m_ws.l(dunder.o)
    0x0800155c   0x0800155c   0x00000006   Code   RO         1823    i.__mathlib_dbl_infnan  m_ws.l(dunder.o)
    0x08001562   0x08001562   0x00000004   Code   RO         1824    i.__mathlib_dbl_infnan2  m_ws.l(dunder.o)
    0x08001566   0x08001566   0x0000000c   Code   RO         1825    i.__mathlib_dbl_invalid  m_ws.l(dunder.o)
    0x08001572   0x08001572   0x0000000e   Code   RO         1826    i.__mathlib_dbl_overflow  m_ws.l(dunder.o)
    0x08001580   0x08001580   0x00000010   Code   RO         1828    i.__mathlib_dbl_underflow  m_ws.l(dunder.o)
    0x08001590   0x08001590   0x00000220   Code   RO         1810    i.atan              m_ws.l(atan.o)
    0x080017b0   0x080017b0   0x00000180   Code   RO         1653    i.atan2             m_ws.l(atan2.o)
    0x08001930   0x08001930   0x0000009c   Code   RO         1661    i.cos               m_ws.l(cos.o)
    0x080019cc   0x080019cc   0x0000002a   Code   RO         1385    i.hex2int           minmea.o
    0x080019f6   0x080019f6   0x00000058   Code   RO          111    i.initCPUFreq       init.o
    0x08001a4e   0x08001a4e   0x00000002   PAD
    0x08001a50   0x08001a50   0x00000104   Code   RO          200    i.llh2ecef          wgs84tosk42.o
    0x08001b54   0x08001b54   0x0000049c   Code   RO            3    i.main              main.o
    0x08001ff0   0x08001ff0   0x000000a4   Code   RO         1386    i.minmea_check      minmea.o
    0x08002094   0x08002094   0x00000022   Code   RO         1388    i.minmea_isfield    minmea.o
    0x080020b6   0x080020b6   0x00000002   PAD
    0x080020b8   0x080020b8   0x00000084   Code   RO         1389    i.minmea_parse_gga  minmea.o
    0x0800213c   0x0800213c   0x00000090   Code   RO         1395    i.minmea_parse_vtg  minmea.o
    0x080021cc   0x080021cc   0x0000038c   Code   RO         1396    i.minmea_scan       minmea.o
    0x08002558   0x08002558   0x000000b0   Code   RO         1397    i.minmea_sentence_id  minmea.o
    0x08002608   0x08002608   0x00000198   Code   RO          178    i.path              path.o
    0x080027a0   0x080027a0   0x00000098   Code   RO          112    i.portUART1Init     init.o
    0x08002838   0x08002838   0x0000009c   Code   RO          113    i.portUART2Init     init.o
    0x080028d4   0x080028d4   0x000009d8   Code   RO         1669    i.pow               m_ws.l(pow.o)
    0x080032ac   0x080032ac   0x000000a0   Code   RO         1679    i.sin               m_ws.l(sin.o)
    0x0800334c   0x0800334c   0x0000004c   Code   RO         1687    i.sqrt              m_ws.l(sqrt.o)
    0x08003398   0x08003398   0x00000020   Code   RO            4    i.write_float       main.o
    0x080033b8   0x080033b8   0x000000c0   Code   RO          202    i.xyzPZ90_to_xyzSK42  wgs84tosk42.o
    0x08003478   0x08003478   0x000000b4   Code   RO          203    i.xyzWSG84_to_xyzPZ90  wgs84tosk42.o
    0x0800352c   0x0800352c   0x0000002c   Code   RO         1737    locale$$code        c_w.l(lc_ctype_c.o)
    0x08003558   0x08003558   0x00000062   Code   RO         1606    x$fpl$d2f           fz_ws.l(d2f.o)
    0x080035ba   0x080035ba   0x00000002   PAD
    0x080035bc   0x080035bc   0x00000150   Code   RO         1608    x$fpl$dadd          fz_ws.l(daddsub_clz.o)
    0x0800370c   0x0800370c   0x00000010   Code   RO         1891    x$fpl$dcheck1       fz_ws.l(dcheck1.o)
    0x0800371c   0x0800371c   0x00000018   Code   RO         1893    x$fpl$dcmpinf       fz_ws.l(dcmpi.o)
    0x08003734   0x08003734   0x000002b0   Code   RO         1615    x$fpl$ddiv          fz_ws.l(ddiv.o)
    0x080039e4   0x080039e4   0x0000005e   Code   RO         1618    x$fpl$dfix          fz_ws.l(dfix.o)
    0x08003a42   0x08003a42   0x0000002e   Code   RO         1787    x$fpl$dflt          fz_ws.l(dflt_clz.o)
    0x08003a70   0x08003a70   0x00000026   Code   RO         1786    x$fpl$dfltu         fz_ws.l(dflt_clz.o)
    0x08003a96   0x08003a96   0x00000002   PAD
    0x08003a98   0x08003a98   0x00000078   Code   RO         1792    x$fpl$dleqf         fz_ws.l(dleqf.o)
    0x08003b10   0x08003b10   0x00000154   Code   RO         1622    x$fpl$dmul          fz_ws.l(dmul.o)
    0x08003c64   0x08003c64   0x0000009c   Code   RO         1794    x$fpl$dnaninf       fz_ws.l(dnaninf.o)
    0x08003d00   0x08003d00   0x0000000c   Code   RO         1796    x$fpl$dretinf       fz_ws.l(dretinf.o)
    0x08003d0c   0x08003d0c   0x0000006c   Code   RO         1798    x$fpl$drleqf        fz_ws.l(drleqf.o)
    0x08003d78   0x08003d78   0x00000016   Code   RO         1609    x$fpl$drsb          fz_ws.l(daddsub_clz.o)
    0x08003d8e   0x08003d8e   0x00000002   PAD
    0x08003d90   0x08003d90   0x000001cc   Code   RO         1800    x$fpl$dsqrt         fz_ws.l(dsqrt_noumaal.o)
    0x08003f5c   0x08003f5c   0x000001d4   Code   RO         1610    x$fpl$dsub          fz_ws.l(daddsub_clz.o)
    0x08004130   0x08004130   0x00000056   Code   RO         1624    x$fpl$f2d           fz_ws.l(f2d.o)
    0x08004186   0x08004186   0x00000002   PAD
    0x08004188   0x08004188   0x000000c4   Code   RO         1626    x$fpl$fadd          fz_ws.l(faddsub_clz.o)
    0x0800424c   0x0800424c   0x00000184   Code   RO         1633    x$fpl$fdiv          fz_ws.l(fdiv.o)
    0x080043d0   0x080043d0   0x00000036   Code   RO         1636    x$fpl$ffix          fz_ws.l(ffix.o)
    0x08004406   0x08004406   0x00000002   PAD
    0x08004408   0x08004408   0x0000003e   Code   RO         1640    x$fpl$ffixu         fz_ws.l(ffixu.o)
    0x08004446   0x08004446   0x00000002   PAD
    0x08004448   0x08004448   0x00000030   Code   RO         1645    x$fpl$fflt          fz_ws.l(fflt_clz.o)
    0x08004478   0x08004478   0x00000102   Code   RO         1650    x$fpl$fmul          fz_ws.l(fmul.o)
    0x0800457a   0x0800457a   0x0000008c   Code   RO         1802    x$fpl$fnaninf       fz_ws.l(fnaninf.o)
    0x08004606   0x08004606   0x0000000a   Code   RO         1804    x$fpl$fretinf       fz_ws.l(fretinf.o)
    0x08004610   0x08004610   0x00000014   Code   RO         1627    x$fpl$frsb          fz_ws.l(faddsub_clz.o)
    0x08004624   0x08004624   0x000000ea   Code   RO         1628    x$fpl$fsub          fz_ws.l(faddsub_clz.o)
    0x0800470e   0x0800470e   0x00000064   Code   RO         1922    x$fpl$retnan        fz_ws.l(retnan.o)
    0x08004772   0x08004772   0x0000005c   Code   RO         1806    x$fpl$scalbn        fz_ws.l(scalbn.o)
    0x080047ce   0x080047ce   0x00000030   Code   RO         1952    x$fpl$trapveneer    fz_ws.l(trapv.o)
    0x080047fe   0x080047fe   0x00000000   Code   RO         1808    x$fpl$usenofp       fz_ws.l(usenofp.o)
    0x080047fe   0x080047fe   0x00000002   PAD
    0x08004800   0x08004800   0x000000b4   Data   RO          205    .constdata          wgs84tosk42.o
    0x080048b4   0x080048b4   0x00000004   PAD
    0x080048b8   0x080048b8   0x00000088   Data   RO         1670    .constdata          m_ws.l(pow.o)
    0x08004940   0x08004940   0x00000098   Data   RO         1811    .constdata          m_ws.l(atan.o)
    0x080049d8   0x080049d8   0x00000030   Data   RO         1820    .constdata          m_ws.l(cos_i.o)
    0x08004a08   0x08004a08   0x00000008   Data   RO         1840    .constdata          m_ws.l(qnan.o)
    0x08004a10   0x08004a10   0x000000c8   Data   RO         1843    .constdata          m_ws.l(rred.o)
    0x08004ad8   0x08004ad8   0x00000028   Data   RO         1847    .constdata          m_ws.l(sin_i.o)
    0x08004b00   0x08004b00   0x00000020   Data   RO         1984    Region$$Table       anon$$obj.o
    0x08004b20   0x08004b20   0x00000110   Data   RO         1736    locale$$data        c_w.l(lc_ctype_c.o)


    Execution Region ER_RW (Exec base: 0x20000000, Load base: 0x08004c30, Size: 0x0000008c, Max: 0xffffffff, ABSOLUTE)

    Exec Addr    Load Addr    Size         Type   Attr      Idx    E Section Name        Object

    0x20000000   0x08004c30   0x00000070   Data   RW           10    .data               main.o
    0x20000070   0x08004ca0   0x00000004   Data   RW           14    .data               main.o
    0x20000074   0x08004ca4   0x00000004   Data   RW           15    .data               main.o
    0x20000078   0x08004ca8   0x00000014   Data   RW          455    .data               stm32f10x_rcc.o


    Execution Region ER_ZI (Exec base: 0x2000008c, Load base: 0x08004cbc, Size: 0x00001774, Max: 0xffffffff, ABSOLUTE)

    Exec Addr    Load Addr    Size         Type   Attr      Idx    E Section Name        Object

    0x2000008c        -       0x00000010   Zero   RW            5    .bss                main.o
    0x2000009c        -       0x00001100   Zero   RW            9    .bss                main.o
    0x2000119c        -       0x00000060   Zero   RW         1855    .bss                c_w.l(libspace.o)
    0x200011fc   0x08004cbc   0x00000004   PAD
    0x20001200        -       0x00000200   Zero   RW          303    HEAP                startup_stm32f10x_md.o
    0x20001400        -       0x00000400   Zero   RW          302    STACK               startup_stm32f10x_md.o


==============================================================================

Image component sizes


      Code (inc. data)   RO Data    RW Data    ZI Data      Debug   Object Name

         0          0          0          0          0         32   core_cm3.o
       418         36          0          0          0     243197   init.o
      1488         96          0        120       4368     250702   main.o
      1600         84          0          0          0      11040   minmea.o
       120         14          0          0          0       1483   misc.o
       408         16          0          0          0       1027   path.o
        64         26        236          0       1536        764   startup_stm32f10x_md.o
       170          0          0          0          0       2457   stm32f10x_gpio.o
       572         94          0         20          0       9790   stm32f10x_rcc.o
       362          6          0          0          0       6009   stm32f10x_usart.o
       260         26          0          0          0       1801   system_stm32f10x.o
       892         92        180          0          0       3264   wgs84tosk42.o

    ----------------------------------------------------------------------
      6360        490        452        140       5904     531566   Object Totals
         0          0         32          0          0          0   (incl. Generated)
         6          0          4          0          0          0   (incl. Padding)

    ----------------------------------------------------------------------

      Code (inc. data)   RO Data    RW Data    ZI Data      Debug   Library Member Name

         8          0          0          0          0         68   __main.o
         0          0          0          0          0          0   __rtentry.o
        12          0          0          0          0          0   __rtentry2.o
         6          0          0          0          0          0   __rtentry4.o
        52          8          0          0          0          0   __scatter.o
        26          0          0          0          0          0   __scatter_copy.o
        28          0          0          0          0          0   __scatter_zi.o
        28          0          0          0          0         68   _chval.o
        22          0          0          0          0        100   _rserrno.o
       158          0          0          0          0         92   _strtoul.o
        10          0          0          0          0         68   defsig_exit.o
        50          0          0          0          0         88   defsig_general.o
        80         58          0          0          0         76   defsig_rtmem_inner.o
        14          0          0          0          0         80   defsig_rtmem_outer.o
        18          0          0          0          0         80   exit.o
        94          0          0          0          0         80   h1_alloc.o
        52          0          0          0          0         68   h1_extend.o
        78          0          0          0          0         80   h1_free.o
        14          0          0          0          0         84   h1_init.o
         6          0          0          0          0        152   heapauxi.o
         4          0          0          0          0        136   hguard.o
         0          0          0          0          0          0   indicate_semi.o
       138          0          0          0          0        168   init_alloc.o
        44         10        272          0          0         76   lc_ctype_c.o
         2          0          0          0          0          0   libinit.o
        28          0          0          0          0          0   libinit2.o
         2          0          0          0          0          0   libshutdown.o
         2          0          0          0          0          0   libshutdown2.o
         8          4          0          0         96         68   libspace.o
         0          0          0          0          0          0   maybetermalloc1.o
        16          4          0          0          0         76   rt_ctype_table.o
         8          4          0          0          0         68   rt_errno_addr_intlibspace.o
         8          4          0          0          0         68   rt_heap_descriptor_intlibspace.o
         8          4          0          0          0         68   rt_locale_intlibspace.o
       100          0          0          0          0         80   rt_memcpy_w.o
         2          0          0          0          0          0   rtexit.o
        10          0          0          0          0          0   rtexit2.o
       128          0          0          0          0         68   strcmpv7m.o
        62          0          0          0          0         76   strlen.o
       112          0          0          0          0         88   strtol.o
        12          4          0          0          0         68   sys_exit.o
        74          0          0          0          0         80   sys_stackheap_outer.o
        14          0          0          0          0         76   sys_wrch.o
         2          0          0          0          0         68   use_no_semi.o
        98          4          0          0          0         92   d2f.o
       826         16          0          0          0        348   daddsub_clz.o
        16          4          0          0          0         68   dcheck1.o
        24          0          0          0          0         68   dcmpi.o
       688        140          0          0          0        208   ddiv.o
        94          4          0          0          0         92   dfix.o
        84          0          0          0          0        136   dflt_clz.o
       120          4          0          0          0         92   dleqf.o
       340         12          0          0          0        104   dmul.o
       156          4          0          0          0         92   dnaninf.o
        12          0          0          0          0         68   dretinf.o
       108          0          0          0          0         80   drleqf.o
       460         56          0          0          0        120   dsqrt_noumaal.o
        86          4          0          0          0         84   f2d.o
       450          8          0          0          0        236   faddsub_clz.o
       388         76          0          0          0         96   fdiv.o
        54          4          0          0          0         84   ffix.o
        62          4          0          0          0         84   ffixu.o
        48          0          0          0          0         68   fflt_clz.o
       258          4          0          0          0         84   fmul.o
       140          4          0          0          0         84   fnaninf.o
        10          0          0          0          0         68   fretinf.o
       100          0          0          0          0         68   retnan.o
        92          0          0          0          0         68   scalbn.o
        48          0          0          0          0         68   trapv.o
         0          0          0          0          0          0   usenofp.o
       544         70        152          0          0        124   atan.o
       384         38          0          0          0        144   atan2.o
       156          8          0          0          0        104   cos.o
       252         22         48          0          0        124   cos_i.o
        68         10          0          0          0        408   dunder.o
        40          0          0          0          0         68   fpclassify.o
       170          0          0          0          0         96   poly.o
      2520        190        136          0          0        324   pow.o
         0          0          8          0          0          0   qnan.o
       904         76        200          0          0        140   rred.o
       160         10          0          0          0        108   sin.o
       236         12         40          0          0        128   sin_i.o
        76          0          0          0          0         84   sqrt.o

    ----------------------------------------------------------------------
     11836        884        856          0        100       7028   Library Totals
        24          0          0          0          4          0   (incl. Padding)

    ----------------------------------------------------------------------

      Code (inc. data)   RO Data    RW Data    ZI Data      Debug   Library Name

      1540        100        272          0         96       2516   c_w.l
      4762        348          0          0          0       2660   fz_ws.l
      5510        436        584          0          0       1852   m_ws.l

    ----------------------------------------------------------------------
     11836        884        856          0        100       7028   Library Totals

    ----------------------------------------------------------------------

==============================================================================


      Code (inc. data)   RO Data    RW Data    ZI Data      Debug   

     18196       1374       1308        140       6004     532454   Grand Totals
     18196       1374       1308        140       6004     532454   ELF Image Totals
     18196       1374       1308        140          0          0   ROM Totals

==============================================================================

    Total RO  Size (Code + RO Data)                19504 (  19.05kB)
    Total RW  Size (RW Data + ZI Data)              6144 (   6.00kB)
    Total ROM Size (Code + RO Data + RW Data)      19644 (  19.18kB)

==============================================================================

